
> user-management-ui@1.0.0 prebuild
> npm run validate


> user-management-ui@1.0.0 validate
> node scripts/validate-imports.mjs



[34mΓä╣∩╕Å  Starting pre-build validation...[0m



[36m=== Checking Critical Files ===[0m

[32mΓ£à All critical files exist (9 files)[0m

[36m=== Checking TypeScript ===[0m

[32mΓ£à TypeScript type check passed[0m

[36m=== Checking ESLint ===[0m

[32mΓ£à ESLint check passed[0m

[36m=== Checking CSS Imports ===[0m

[32mΓ£à All CSS imports verified (22 files)[0m

[36m=== Checking Path Aliases ===[0m

node.exe : [33mΓÜá∩╕Å  Some path aliases point to non-existent directories:[0m
At C:\Program Files\nodejs\npm.ps1:29 char:3
+   & $NODE_EXE $NPM_CLI_JS $args
+   ~~~~~~~~~~~~~~~~~~~~~~~~~~~~~
    + CategoryInfo          : NotSpecified: ([33mΓÜá∩╕Å  So...irectories:[0m:String) [], Remote 
   Exception
    + FullyQualifiedErrorId : NativeCommandError
 
  - @features/* ΓåÆ src/features/* (Does not exist)
  - @widgets/* ΓåÆ src/widgets/* (Does not exist)
  - @assets/* ΓåÆ src/assets/* (Does not exist)

[36m=== Checking Dependencies ===[0m

[32mΓ£à Dependencies properly organized (52 packages)[0m

[36m=== Validation Summary ===[0m

[33mΓÜá∩╕Å  Found 1 warning(s):[0m
  1. 3 path aliases point to missing directories


[33mΓÜá∩╕Å  Validation completed with warnings in 24.60s[0m

> user-management-ui@1.0.0 build
> tsc && vite build --mode production

[33mplugin 'vite-plugin-inline-critical-css' uses deprecated 'enforce' option. Use 'order' 
option instead.[39m
[33mplugin 'vite-plugin-inline-critical-css' uses deprecated 'transform' option. Use 'handler' 
option instead.[39m
[36mvite v6.3.7 [32mbuilding for production...[36m[39m
Γ£à Critical CSS loaded: 7.09KB
transforming...
[32mΓ£ô[39m 2869 modules transformed.
[31mΓ£ù[39m Build failed in 7.86s
[31merror during build:
[31msrc/domains/admin/pages/AdminAnalyticsDashboardPage.tsx (56:9): "api" is not exported by 
"src/lib/api/index.ts", imported by 
"src/domains/admin/pages/AdminAnalyticsDashboardPage.tsx".[31m
file: 
[36mD:/code/reactjs/user_mn_ui/src/domains/admin/pages/AdminAnalyticsDashboardPage.tsx:56:9[31m
[33m
54: import ErrorAlert from '@shared/ui/ErrorAlert';
55: import { prefetchRoute } from '@shared/utils/resource-loading';
56: import { api } from '../../../lib/api';
             ^
57: 
58: // ============================================================================
[31m
    at getRollupError 
(file:///D:/code/reactjs/user_mn_ui/node_modules/rollup/dist/es/shared/parseAst.js:401:41)
    at error 
(file:///D:/code/reactjs/user_mn_ui/node_modules/rollup/dist/es/shared/parseAst.js:397:42)
    at Module.error 
(file:///D:/code/reactjs/user_mn_ui/node_modules/rollup/dist/es/shared/node-entry.js:16939:16)
    at Module.traceVariable 
(file:///D:/code/reactjs/user_mn_ui/node_modules/rollup/dist/es/shared/node-entry.js:17391:29)
    at ModuleScope.findVariable 
(file:///D:/code/reactjs/user_mn_ui/node_modules/rollup/dist/es/shared/node-entry.js:15061:39)
    at ReturnValueScope.findVariable 
(file:///D:/code/reactjs/user_mn_ui/node_modules/rollup/dist/es/shared/node-entry.js:5642:38)
    at FunctionBodyScope.findVariable 
(file:///D:/code/reactjs/user_mn_ui/node_modules/rollup/dist/es/shared/node-entry.js:5642:38)
    at ReturnValueScope.findVariable 
(file:///D:/code/reactjs/user_mn_ui/node_modules/rollup/dist/es/shared/node-entry.js:5642:38)
    at FunctionBodyScope.findVariable 
(file:///D:/code/reactjs/user_mn_ui/node_modules/rollup/dist/es/shared/node-entry.js:5642:38)
    at BlockScope.findVariable 
(file:///D:/code/reactjs/user_mn_ui/node_modules/rollup/dist/es/shared/node-entry.js:5642:38)[39m
