
> user-management-ui@1.0.0 test
> vitest

node.exe : [33m[7m[33m Vitest [33m[27m "deps.inline" is deprecated. If you rely on vite-node 
directly, use "server.deps.inline" instead. Otherwise, consider using 
"deps.optimizer.web.include"[39m
At C:\Program Files\nodejs\npm.ps1:29 char:3
+   & $NODE_EXE $NPM_CLI_JS $args
+   ~~~~~~~~~~~~~~~~~~~~~~~~~~~~~
    + CategoryInfo          : NotSpecified: ([33m[7m[33m ...b.include"[39m:String) [], Remote 
   Exception
    + FullyQualifiedErrorId : NativeCommandError
 

[1m[46m RUN [49m[22m [36mv3.2.4 [39m[90mD:/code/reactjs/user_mn_ui[39m

[90mstdout[2m | src/lib/api/__tests__/client.retry.test.ts
[22m[39mΓä╣∩╕Å [2025-10-18T17:54:09.838Z] INFO: Enhanced Logger initialized { environment: [32m'test'[39m }

[90mstdout[2m | src/lib/api/__tests__/client.retry.test.ts
[22m[39mΓä╣∩╕Å [2025-10-18T17:54:09.844Z] INFO: ≡ƒöº API Configuration Debug: 
Γä╣∩╕Å [2025-10-18T17:54:09.844Z] INFO: Current Environment { env: [32m'DIRECT'[39m }
Γä╣∩╕Å [2025-10-18T17:54:09.844Z] INFO: API Base URL { url: [32m'http://127.0.0.1:8001/api/v1'[39m }
Γä╣∩╕Å [2025-10-18T17:54:09.845Z] INFO: Health Check URL { url: [32m'http://127.0.0.1:8001/api/v1/health'[39m }
Γä╣∩╕Å [2025-10-18T17:54:09.845Z] INFO: Full Config {
  config: {
    PROTOCOL: [32m'http'[39m,
    HOST: [32m'127.0.0.1'[39m,
    PORT: [33m8001[39m,
    API_PREFIX: [32m'/api/v1'[39m
  }
}

[90mstdout[2m | src/shared/components/__tests__/Button.a11y.test.tsx
[22m[39mΓä╣∩╕Å [2025-10-18T17:54:10.012Z] INFO: Enhanced Logger initialized { environment: [32m'test'[39m }

[90mstdout[2m | src/lib/api/__tests__/client.retry.test.ts
[22m[39mΓä╣∩╕Å [2025-10-18T17:54:10.017Z] INFO: [Error Logger] Debug interface available at window.errorLogger 

[90mstdout[2m | src/shared/components/__tests__/Button.a11y.test.tsx
[22m[39mΓä╣∩╕Å [2025-10-18T17:54:10.020Z] INFO: [Error Logger] Debug interface available at window.errorLogger 

[90mstdout[2m | src/shared/components/__tests__/Button.a11y.test.tsx
[22m[39mΓä╣∩╕Å [2025-10-18T17:54:10.119Z] INFO: ≡ƒöº API Configuration Debug: 
Γä╣∩╕Å [2025-10-18T17:54:10.119Z] INFO: Current Environment { env: [32m'DIRECT'[39m }
Γä╣∩╕Å [2025-10-18T17:54:10.120Z] INFO: API Base URL { url: [32m'http://127.0.0.1:8001/api/v1'[39m }
Γä╣∩╕Å [2025-10-18T17:54:10.121Z] INFO: Health Check URL { url: [32m'http://127.0.0.1:8001/api/v1/health'[39m }
Γä╣∩╕Å [2025-10-18T17:54:10.121Z] INFO: Full Config {
  config: {
    PROTOCOL: [32m'http'[39m,
    HOST: [32m'127.0.0.1'[39m,
    PORT: [33m8001[39m,
    API_PREFIX: [32m'/api/v1'[39m
  }
}

 [32mΓ£ô[39m src/shared/utils/__tests__/utilities.test.ts[2m > [22mUtility Functions[2m > [22mformatDate[2m > [22mshould format date correctly[32m 17[2mms[22m[39m
 [32mΓ£ô[39m src/shared/utils/__tests__/utilities.test.ts[2m > [22mUtility Functions[2m > [22mformatDate[2m > [22mshould handle edge cases[32m 1[2mms[22m[39m
 [32mΓ£ô[39m src/shared/utils/__tests__/utilities.test.ts[2m > [22mUtility Functions[2m > [22mdebounce[2m > [22mshould delay function execution[32m 6[2mms[22m[39m
 [32mΓ£ô[39m src/shared/utils/__tests__/utilities.test.ts[2m > [22mUtility Functions[2m > [22mdebounce[2m > [22mshould cancel previous calls[32m 2[2mms[22m[39m
 [32mΓ£ô[39m src/shared/utils/__tests__/utilities.test.ts[2m > [22mUtility Functions[2m > [22mvalidateEmail[2m > [22mshould validate correct emails[32m 1[2mms[22m[39m
 [32mΓ£ô[39m src/shared/utils/__tests__/utilities.test.ts[2m > [22mUtility Functions[2m > [22mvalidateEmail[2m > [22mshould reject invalid emails[32m 1[2mms[22m[39m
 [32mΓ£ô[39m src/shared/utils/__tests__/utilities.test.ts[2m > [22mUtility Functions[2m > [22mvalidateEmail[2m > [22mshould handle edge cases[32m 0[2mms[22m[39m
 [32mΓ£ô[39m src/shared/utils/__tests__/utilities.test.ts[2m > [22mUtility Functions[2m > [22mvalidatePassword[2m > [22mshould validate strong passwords[32m 2[2mms[22m[39m
 [32mΓ£ô[39m src/shared/utils/__tests__/utilities.test.ts[2m > [22mUtility Functions[2m > [22mvalidatePassword[2m > [22mshould reject weak passwords[32m 1[2mms[22m[39m
 [32mΓ£ô[39m src/shared/utils/__tests__/utilities.test.ts[2m > [22mUtility Functions[2m > [22mvalidatePassword[2m > [22mshould validate all password requirements[32m 1[2mms[22m[39m
[90mstdout[2m | src/lib/api/__tests__/client.retry.test.ts[2m > [22m[2mApiClient - Retry Logic[2m > [22m[2mExponential Backoff[2m > [22m[2mshould retry on 500 server error with exponential backoff
[22m[39mΓä╣∩╕Å [2025-10-18T17:54:10.238Z] INFO: [API] GET http://localhost:8001/api/v1/test { body: [90mundefined[39m, headers: { [32m'Content-Type'[39m: [32m'application/json'[39m } }

[90mstdout[2m | src/lib/api/__tests__/client.retry.test.ts[2m > [22m[2mApiClient - Retry Logic[2m > [22m[2mExponential Backoff[2m > [22m[2mshould retry on 500 server error with exponential backoff
[22m[39mΓä╣∩╕Å [2025-10-18T17:54:10.242Z] INFO: [API] Response 500  { url: [32m'http://localhost:8001/api/v1/test'[39m, status: [33m500[39m, ok: [33mfalse[39m }

[90mstdout[2m | src/lib/api/__tests__/client.retry.test.ts[2m > [22m[2mApiClient - Retry Logic[2m > [22m[2mExponential Backoff[2m > [22m[2mshould retry on 500 server error with exponential backoff
[22m[39mΓä╣∩╕Å [2025-10-18T17:54:10.247Z] INFO: [API] Error normalization {
  errorPayload: { error: [32m'Internal Server Error'[39m },
  normalized: {
    status: [33m500[39m,
    message: [32m'HTTP 500'[39m,
    code: [32m'INTERNAL_SERVER_ERROR'[39m,
    detail: [90mundefined[39m,
    details: [90mundefined[39m,
    errors: [90mundefined[39m,
    timestamp: [32m'2025-10-18T17:54:10.247Z'[39m
  },
  extractedCode: [32m'INTERNAL_SERVER_ERROR'[39m
}

[90mstderr[2m | src/lib/api/__tests__/client.retry.test.ts[2m > [22m[2mApiClient - Retry 
Logic[2m > [22m[2mExponential Backoff[2m > [22m[2mshould retry on 500 server error with 
exponential backoff
[22m[39mΓÜá∩╕Å [2025-10-18T17:54:10.249Z] WARN: [API] Retry 1/3 for GET /test after 1000ms { 
error: [32m'HTTP 500'[39m, statusCode: [33m500[39m, attempt: [33m1[39m, delay: 
[33m1000[39m }

 [32mΓ£ô[39m src/shared/utils/__tests__/utilities.test.ts[2m > [22mAccessibility Tests[2m > [22mshould have no axe violations on login form[33m 346[2mms[22m[39m
 [32mΓ£ô[39m src/shared/utils/__tests__/utilities.test.ts[2m > [22mAccessibility Tests[2m > [22mshould have no axe violations on button with icon[32m 96[2mms[22m[39m
 [32mΓ£ô[39m src/shared/components/__tests__/FormInput.a11y.test.tsx[2m > [22mFormInput Accessibility[2m > [22mWCAG Compliance[2m > [22mshould have no a11y violations with label[33m 324[2mms[22m[39m
 [32mΓ£ô[39m src/shared/components/__tests__/FormInput.a11y.test.tsx[2m > [22mFormInput Accessibility[2m > [22mWCAG Compliance[2m > [22mshould have no a11y violations with error message[32m 101[2mms[22m[39m
 [32mΓ£ô[39m src/shared/components/__tests__/FormInput.a11y.test.tsx[2m > [22mFormInput Accessibility[2m > [22mWCAG Compliance[2m > [22mshould have no a11y violations when disabled[32m 89[2mms[22m[39m
 [32mΓ£ô[39m src/shared/components/__tests__/FormInput.a11y.test.tsx[2m > [22mFormInput Accessibility[2m > [22mWCAG Compliance[2m > [22mshould have no a11y violations when required[32m 73[2mms[22m[39m
 [32mΓ£ô[39m src/shared/components/__tests__/FormInput.a11y.test.tsx[2m > [22mFormInput Accessibility[2m > [22mLabel Association[2m > [22mshould have properly associated label[32m 9[2mms[22m[39m
 [32mΓ£ô[39m src/shared/components/__tests__/FormInput.a11y.test.tsx[2m > [22mFormInput Accessibility[2m > [22mLabel Association[2m > [22mshould show required indicator in label[32m 5[2mms[22m[39m
 [32mΓ£ô[39m src/shared/components/__tests__/FormInput.a11y.test.tsx[2m > [22mFormInput Accessibility[2m > [22mError Messaging[2m > [22mshould announce errors to screen readers[32m 8[2mms[22m[39m
 [32mΓ£ô[39m src/shared/components/__tests__/FormInput.a11y.test.tsx[2m > [22mFormInput Accessibility[2m > [22mError Messaging[2m > [22mshould have visible error message[32m 21[2mms[22m[39m
 [32mΓ£ô[39m src/shared/components/__tests__/Button.a11y.test.tsx[2m > [22mButton Accessibility[2m > [22mWCAG Compliance[2m > [22mshould have no a11y violations with default props[32m 262[2mms[22m[39m
 [32mΓ£ô[39m src/shared/components/__tests__/FormInput.a11y.test.tsx[2m > [22mFormInput Accessibility[2m > [22mKeyboard Navigation[2m > [22mshould be focusable with Tab[32m 133[2mms[22m[39m
 [32mΓ£ô[39m src/shared/components/__tests__/Button.a11y.test.tsx[2m > [22mButton Accessibility[2m > [22mWCAG Compliance[2m > [22mshould have no a11y violations when disabled[32m 103[2mms[22m[39m
 [32mΓ£ô[39m src/shared/components/__tests__/FormInput.a11y.test.tsx[2m > [22mFormInput Accessibility[2m > [22mKeyboard Navigation[2m > [22mshould not be focusable when disabled[32m 208[2mms[22m[39m
 [32mΓ£ô[39m src/shared/components/__tests__/FormInput.a11y.test.tsx[2m > [22mFormInput Accessibility[2m > [22mARIA Attributes[2m > [22mshould have aria-required when required[32m 10[2mms[22m[39m
 [32mΓ£ô[39m src/shared/components/__tests__/FormInput.a11y.test.tsx[2m > [22mFormInput Accessibility[2m > [22mARIA Attributes[2m > [22mshould have aria-invalid when error present[32m 12[2mms[22m[39m
 [32mΓ£ô[39m src/shared/components/__tests__/FormInput.a11y.test.tsx[2m > [22mFormInput Accessibility[2m > [22mARIA Attributes[2m > [22mshould have aria-describedby for help text[32m 10[2mms[22m[39m
 [32mΓ£ô[39m src/shared/components/__tests__/FormInput.a11y.test.tsx[2m > [22mFormInput Accessibility[2m > [22mAutocomplete Support[2m > [22mshould support autocomplete attribute[32m 9[2mms[22m[39m
[90mstdout[2m | src/lib/api/__tests__/client.retry.test.ts[2m > [22m[2mApiClient - Retry Logic[2m > [22m[2mExponential Backoff[2m > [22m[2mshould retry on 500 server error with exponential backoff
[22m[39mΓä╣∩╕Å [2025-10-18T17:54:11.266Z] INFO: [API] GET http://localhost:8001/api/v1/test { body: [90mundefined[39m, headers: { [32m'Content-Type'[39m: [32m'application/json'[39m } }

[90mstdout[2m | src/lib/api/__tests__/client.retry.test.ts[2m > [22m[2mApiClient - Retry Logic[2m > [22m[2mExponential Backoff[2m > [22m[2mshould retry on 500 server error with exponential backoff
[22m[39mΓä╣∩╕Å [2025-10-18T17:54:11.268Z] INFO: [API] Response 500  { url: [32m'http://localhost:8001/api/v1/test'[39m, status: [33m500[39m, ok: [33mfalse[39m }

[90mstdout[2m | src/lib/api/__tests__/client.retry.test.ts[2m > [22m[2mApiClient - Retry Logic[2m > [22m[2mExponential Backoff[2m > [22m[2mshould retry on 500 server error with exponential backoff
[22m[39mΓä╣∩╕Å [2025-10-18T17:54:11.268Z] INFO: [API] Error normalization {
  errorPayload: { error: [32m'Internal Server Error'[39m },
  normalized: {
    status: [33m500[39m,
    message: [32m'HTTP 500'[39m,
    code: [32m'INTERNAL_SERVER_ERROR'[39m,
    detail: [90mundefined[39m,
    details: [90mundefined[39m,
    errors: [90mundefined[39m,
    timestamp: [32m'2025-10-18T17:54:11.268Z'[39m
  },
  extractedCode: [32m'INTERNAL_SERVER_ERROR'[39m
}

[90mstderr[2m | src/lib/api/__tests__/client.retry.test.ts[2m > [22m[2mApiClient - Retry 
Logic[2m > [22m[2mExponential Backoff[2m > [22m[2mshould retry on 500 server error with 
exponential backoff
[22m[39mΓÜá∩╕Å [2025-10-18T17:54:11.269Z] WARN: [API] Retry 2/3 for GET /test after 2000ms { 
error: [32m'HTTP 500'[39m, statusCode: [33m500[39m, attempt: [33m2[39m, delay: 
[33m2000[39m }

 [32mΓ£ô[39m src/shared/components/__tests__/Button.a11y.test.tsx[2m > [22mButton Accessibility[2m > [22mWCAG Compliance[2m > [22mshould have no a11y violations with different variants[33m 474[2mms[22m[39m
 [32mΓ£ô[39m src/shared/components/__tests__/Button.a11y.test.tsx[2m > [22mButton Accessibility[2m > [22mKeyboard Navigation[2m > [22mshould be keyboard navigable with Tab[33m 349[2mms[22m[39m
 [32mΓ£ô[39m src/shared/components/__tests__/Button.a11y.test.tsx[2m > [22mButton Accessibility[2m > [22mKeyboard Navigation[2m > [22mshould be activated with Enter key[32m 62[2mms[22m[39m
 [32mΓ£ô[39m src/shared/components/__tests__/Button.a11y.test.tsx[2m > [22mButton Accessibility[2m > [22mKeyboard Navigation[2m > [22mshould be activated with Space key[32m 63[2mms[22m[39m
 [32mΓ£ô[39m src/shared/components/__tests__/Button.a11y.test.tsx[2m > [22mButton Accessibility[2m > [22mKeyboard Navigation[2m > [22mshould not be keyboard accessible when disabled[32m 172[2mms[22m[39m
 [32mΓ£ô[39m src/shared/components/__tests__/Button.a11y.test.tsx[2m > [22mButton Accessibility[2m > [22mARIA Attributes[2m > [22mshould have proper button role[32m 24[2mms[22m[39m
 [32mΓ£ô[39m src/shared/components/__tests__/Button.a11y.test.tsx[2m > [22mButton Accessibility[2m > [22mARIA Attributes[2m > [22mshould have aria-disabled when disabled[32m 19[2mms[22m[39m
 [32mΓ£ô[39m src/shared/components/__tests__/Button.a11y.test.tsx[2m > [22mButton Accessibility[2m > [22mARIA Attributes[2m > [22mshould support aria-label[32m 18[2mms[22m[39m
 [32mΓ£ô[39m src/shared/components/__tests__/Button.a11y.test.tsx[2m > [22mButton Accessibility[2m > [22mARIA Attributes[2m > [22mshould support aria-describedby[32m 23[2mms[22m[39m
 [32mΓ£ô[39m src/shared/components/__tests__/Button.a11y.test.tsx[2m > [22mButton Accessibility[2m > [22mVisual Accessibility[2m > [22mshould have visible text content[32m 23[2mms[22m[39m
 [32mΓ£ô[39m src/shared/components/__tests__/Button.a11y.test.tsx[2m > [22mButton Accessibility[2m > [22mVisual Accessibility[2m > [22mshould maintain focus visibility[32m 51[2mms[22m[39m
 [32mΓ£ô[39m src/shared/components/__tests__/Button.a11y.test.tsx[2m > [22mButton Accessibility[2m > [22mScreen Reader Support[2m > [22mshould have accessible name[32m 19[2mms[22m[39m
 [32mΓ£ô[39m src/shared/components/__tests__/Button.a11y.test.tsx[2m > [22mButton Accessibility[2m > [22mScreen Reader Support[2m > [22mshould announce loading state[32m 14[2mms[22m[39m
[90mstdout[2m | src/lib/api/__tests__/client.retry.test.ts[2m > [22m[2mApiClient - Retry Logic[2m > [22m[2mExponential Backoff[2m > [22m[2mshould retry on 500 server error with exponential backoff
[22m[39mΓä╣∩╕Å [2025-10-18T17:54:13.269Z] INFO: [API] GET http://localhost:8001/api/v1/test { body: [90mundefined[39m, headers: { [32m'Content-Type'[39m: [32m'application/json'[39m } }

[90mstdout[2m | src/lib/api/__tests__/client.retry.test.ts[2m > [22m[2mApiClient - Retry Logic[2m > [22m[2mExponential Backoff[2m > [22m[2mshould retry on 500 server error with exponential backoff
[22m[39mΓä╣∩╕Å [2025-10-18T17:54:13.270Z] INFO: [API] Response 200  { url: [32m'http://localhost:8001/api/v1/test'[39m, status: [33m200[39m, ok: [33mtrue[39m }

[90mstdout[2m | src/lib/api/__tests__/client.retry.test.ts[2m > [22m[2mApiClient - Retry Logic[2m > [22m[2mExponential Backoff[2m > [22m[2mshould retry on 503 service unavailable error
[22m[39mΓä╣∩╕Å [2025-10-18T17:54:13.278Z] INFO: [API] GET http://localhost:8001/api/v1/test { body: [90mundefined[39m, headers: { [32m'Content-Type'[39m: [32m'application/json'[39m } }

[90mstdout[2m | src/lib/api/__tests__/client.retry.test.ts[2m > [22m[2mApiClient - Retry Logic[2m > [22m[2mExponential Backoff[2m > [22m[2mshould retry on 503 service unavailable error
[22m[39mΓä╣∩╕Å [2025-10-18T17:54:13.279Z] INFO: [API] Response 503  { url: [32m'http://localhost:8001/api/v1/test'[39m, status: [33m503[39m, ok: [33mfalse[39m }

[90mstdout[2m | src/lib/api/__tests__/client.retry.test.ts[2m > [22m[2mApiClient - Retry Logic[2m > [22m[2mExponential Backoff[2m > [22m[2mshould retry on 503 service unavailable error
[22m[39mΓä╣∩╕Å [2025-10-18T17:54:13.279Z] INFO: [API] Error normalization {
  errorPayload: { error: [32m'Service Unavailable'[39m },
  normalized: {
    status: [33m503[39m,
    message: [32m'HTTP 503'[39m,
    code: [32m'SERVICE_UNAVAILABLE'[39m,
    detail: [90mundefined[39m,
    details: [90mundefined[39m,
    errors: [90mundefined[39m,
    timestamp: [32m'2025-10-18T17:54:13.279Z'[39m
  },
  extractedCode: [32m'SERVICE_UNAVAILABLE'[39m
}

[90mstderr[2m | src/lib/api/__tests__/client.retry.test.ts[2m > [22m[2mApiClient - Retry 
Logic[2m > [22m[2mExponential Backoff[2m > [22m[2mshould retry on 503 service unavailable 
error
[22m[39mΓÜá∩╕Å [2025-10-18T17:54:13.280Z] WARN: [API] Retry 1/3 for GET /test after 1000ms { 
error: [32m'HTTP 503'[39m, statusCode: [33m503[39m, attempt: [33m1[39m, delay: 
[33m1000[39m }

 [32mΓ£ô[39m src/lib/api/__tests__/client.retry.test.ts[2m > [22mApiClient - Retry Logic[2m > [22mExponential Backoff[2m > [22mshould retry on 500 server error with exponential backoff[33m 3041[2mms[22m[39m
[90mstdout[2m | src/shared/utils/__tests__/logger.test.ts
[22m[39mΓä╣∩╕Å [2025-10-18T17:54:13.384Z] INFO: Enhanced Logger initialized { environment: [32m'test'[39m }

 [32mΓ£ô[39m src/shared/utils/__tests__/logger.test.ts[2m > [22mLogger Utility - Complete Coverage[2m > [22mdebug()[2m > [22mshould log debug messages in development mode[32m 9[2mms[22m[39m
 [32mΓ£ô[39m src/shared/utils/__tests__/logger.test.ts[2m > [22mLogger Utility - Complete Coverage[2m > [22mdebug()[2m > [22mshould log debug without context[32m 1[2mms[22m[39m
 [32mΓ£ô[39m src/shared/utils/__tests__/logger.test.ts[2m > [22mLogger Utility - Complete Coverage[2m > [22mdebug()[2m > [22mshould handle empty string context[32m 1[2mms[22m[39m
 [32mΓ£ô[39m src/shared/utils/__tests__/logger.test.ts[2m > [22mLogger Utility - Complete Coverage[2m > [22minfo()[2m > [22mshould log info messages[32m 1[2mms[22m[39m
 [32mΓ£ô[39m src/shared/utils/__tests__/logger.test.ts[2m > [22mLogger Utility - Complete Coverage[2m > [22minfo()[2m > [22mshould log info without context[32m 1[2mms[22m[39m
 [32mΓ£ô[39m src/shared/utils/__tests__/logger.test.ts[2m > [22mLogger Utility - Complete Coverage[2m > [22minfo()[2m > [22mshould include timestamp in log[32m 2[2mms[22m[39m
 [32mΓ£ô[39m src/shared/utils/__tests__/logger.test.ts[2m > [22mLogger Utility - Complete Coverage[2m > [22mwarn()[2m > [22mshould log warning messages[32m 3[2mms[22m[39m
 [32mΓ£ô[39m src/shared/utils/__tests__/logger.test.ts[2m > [22mLogger Utility - Complete Coverage[2m > [22mwarn()[2m > [22mshould log warn without context[32m 3[2mms[22m[39m
 [32mΓ£ô[39m src/shared/utils/__tests__/logger.test.ts[2m > [22mLogger Utility - Complete Coverage[2m > [22mwarn()[2m > [22mshould handle complex context objects[32m 4[2mms[22m[39m
 [32mΓ£ô[39m src/shared/utils/__tests__/logger.test.ts[2m > [22mLogger Utility - Complete Coverage[2m > [22merror()[2m > [22mshould log error messages with Error object[32m 2[2mms[22m[39m
 [32mΓ£ô[39m src/shared/utils/__tests__/logger.test.ts[2m > [22mLogger Utility - Complete Coverage[2m > [22merror()[2m > [22mshould log error without Error object[32m 1[2mms[22m[39m
 [32mΓ£ô[39m src/shared/utils/__tests__/logger.test.ts[2m > [22mLogger Utility - Complete Coverage[2m > [22merror()[2m > [22mshould log error with context but no Error object[32m 2[2mms[22m[39m
 [32mΓ£ô[39m src/shared/utils/__tests__/logger.test.ts[2m > [22mLogger Utility - Complete Coverage[2m > [22merror()[2m > [22mshould handle Error with stack trace[32m 2[2mms[22m[39m
 [32mΓ£ô[39m src/shared/utils/__tests__/logger.test.ts[2m > [22mLogger Utility - Complete Coverage[2m > [22mconvenience methods[2m > [22mshould log API calls with apiCall()[32m 2[2mms[22m[39m
 [32mΓ£ô[39m src/shared/utils/__tests__/logger.test.ts[2m > [22mLogger Utility - Complete Coverage[2m > [22mconvenience methods[2m > [22mshould log API calls without status[32m 2[2mms[22m[39m
 [32mΓ£ô[39m src/shared/utils/__tests__/logger.test.ts[2m > [22mLogger Utility - Complete Coverage[2m > [22mconvenience methods[2m > [22mshould log auth events with authEvent()[32m 2[2mms[22m[39m
 [32mΓ£ô[39m src/shared/utils/__tests__/logger.test.ts[2m > [22mLogger Utility - Complete Coverage[2m > [22mconvenience methods[2m > [22mshould log auth events without details[32m 1[2mms[22m[39m
 [32mΓ£ô[39m src/shared/utils/__tests__/logger.test.ts[2m > [22mLogger Utility - Complete Coverage[2m > [22mconvenience methods[2m > [22mshould log user actions with userAction()[32m 1[2mms[22m[39m
 [32mΓ£ô[39m src/shared/utils/__tests__/logger.test.ts[2m > [22mLogger Utility - Complete Coverage[2m > [22mconvenience methods[2m > [22mshould log user actions without userId[32m 2[2mms[22m[39m
 [32mΓ£ô[39m src/shared/utils/__tests__/logger.test.ts[2m > [22mLogger Utility - Complete Coverage[2m > [22mlog convenience functions[2m > [22mshould provide log.debug shorthand[32m 2[2mms[22m[39m
 [32mΓ£ô[39m src/shared/utils/__tests__/logger.test.ts[2m > [22mLogger Utility - Complete Coverage[2m > [22mlog convenience functions[2m > [22mshould provide log.info shorthand[32m 1[2mms[22m[39m
 [32mΓ£ô[39m src/shared/utils/__tests__/logger.test.ts[2m > [22mLogger Utility - Complete Coverage[2m > [22mlog convenience functions[2m > [22mshould provide log.warn shorthand[32m 1[2mms[22m[39m
 [32mΓ£ô[39m src/shared/utils/__tests__/logger.test.ts[2m > [22mLogger Utility - Complete Coverage[2m > [22mlog convenience functions[2m > [22mshould provide log.error shorthand[32m 2[2mms[22m[39m
 [32mΓ£ô[39m src/shared/utils/__tests__/logger.test.ts[2m > [22mLogger Utility - Complete Coverage[2m > [22mbuffer management[2m > [22mshould add logs to buffer[32m 3[2mms[22m[39m
 [32mΓ£ô[39m src/shared/utils/__tests__/logger.test.ts[2m > [22mLogger Utility - Complete Coverage[2m > [22mbuffer management[2m > [22mshould clear buffer with clearBuffer()[32m 2[2mms[22m[39m
 [32mΓ£ô[39m src/shared/utils/__tests__/logger.test.ts[2m > [22mLogger Utility - Complete Coverage[2m > [22mbuffer management[2m > [22mshould limit buffer size to maxBufferSize[32m 3[2mms[22m[39m
 [32mΓ£ô[39m src/shared/utils/__tests__/logger.test.ts[2m > [22mLogger Utility - Complete Coverage[2m > [22mbuffer management[2m > [22mshould keep most recent logs when buffer overflows[32m 4[2mms[22m[39m
 [32mΓ£ô[39m src/shared/utils/__tests__/logger.test.ts[2m > [22mLogger Utility - Complete Coverage[2m > [22mcontext enrichment[2m > [22mshould include userAgent when available[32m 1[2mms[22m[39m
 [32mΓ£ô[39m src/shared/utils/__tests__/logger.test.ts[2m > [22mLogger Utility - Complete Coverage[2m > [22mcontext enrichment[2m > [22mshould include URL when available[32m 8[2mms[22m[39m
 [32mΓ£ô[39m src/shared/utils/__tests__/logger.test.ts[2m > [22mLogger Utility - Complete Coverage[2m > [22mcontext enrichment[2m > [22mshould get userId from localStorage[32m 2[2mms[22m[39m
 [32mΓ£ô[39m src/shared/utils/__tests__/logger.test.ts[2m > [22mLogger Utility - Complete Coverage[2m > [22mcontext enrichment[2m > [22mshould handle localStorage parse error gracefully[32m 3[2mms[22m[39m
 [32mΓ£ô[39m src/shared/utils/__tests__/logger.test.ts[2m > [22mLogger Utility - Complete Coverage[2m > [22mcontext enrichment[2m > [22mshould get sessionId from sessionStorage[32m 1[2mms[22m[39m
 [32mΓ£ô[39m src/shared/utils/__tests__/logger.test.ts[2m > [22mLogger Utility - Complete Coverage[2m > [22mcontext enrichment[2m > [22mshould handle sessionStorage error gracefully[32m 1[2mms[22m[39m
 [32mΓ£ô[39m src/shared/utils/__tests__/logger.test.ts[2m > [22mLogger Utility - Complete Coverage[2m > [22mtimestamp handling[2m > [22mshould include ISO timestamp[32m 1[2mms[22m[39m
 [32mΓ£ô[39m src/shared/utils/__tests__/logger.test.ts[2m > [22mLogger Utility - Complete Coverage[2m > [22mtimestamp handling[2m > [22mshould have unique timestamps for rapid logs[32m 1[2mms[22m[39m
 [32mΓ£ô[39m src/shared/utils/__tests__/logger.test.ts[2m > [22mLogger Utility - Complete Coverage[2m > [22merror object handling[2m > [22mshould preserve error name[32m 1[2mms[22m[39m
 [32mΓ£ô[39m src/shared/utils/__tests__/logger.test.ts[2m > [22mLogger Utility - Complete Coverage[2m > [22merror object handling[2m > [22mshould handle error without message[32m 2[2mms[22m[39m
 [32mΓ£ô[39m src/shared/utils/__tests__/logger.test.ts[2m > [22mLogger Utility - Complete Coverage[2m > [22mintegration scenarios[2m > [22mshould handle complete user authentication flow[32m 3[2mms[22m[39m
 [32mΓ£ô[39m src/shared/utils/__tests__/logger.test.ts[2m > [22mLogger Utility - Complete Coverage[2m > [22mintegration scenarios[2m > [22mshould handle error flow with complete context[32m 3[2mms[22m[39m
 [32mΓ£ô[39m src/shared/utils/__tests__/logger.test.ts[2m > [22mLogger Utility - Complete Coverage[2m > [22mintegration scenarios[2m > [22mshould handle mixed log levels in sequence[32m 2[2mms[22m[39m
 [32mΓ£ô[39m src/shared/utils/__tests__/logger.test.ts[2m > [22mLogger Utility - Complete Coverage[2m > [22medge cases[2m > [22mshould handle null context[32m 2[2mms[22m[39m
 [32mΓ£ô[39m src/shared/utils/__tests__/logger.test.ts[2m > [22mLogger Utility - Complete Coverage[2m > [22medge cases[2m > [22mshould handle undefined in context[32m 3[2mms[22m[39m
 [32mΓ£ô[39m src/shared/utils/__tests__/logger.test.ts[2m > [22mLogger Utility - Complete Coverage[2m > [22medge cases[2m > [22mshould handle circular references in context[32m 4[2mms[22m[39m
 [32mΓ£ô[39m src/shared/utils/__tests__/logger.test.ts[2m > [22mLogger Utility - Complete Coverage[2m > [22medge cases[2m > [22mshould handle very long messages[32m 2[2mms[22m[39m
 [32mΓ£ô[39m src/shared/utils/__tests__/logger.test.ts[2m > [22mLogger Utility - Complete Coverage[2m > [22medge cases[2m > [22mshould handle special characters in message[32m 2[2mms[22m[39m
 [32mΓ£ô[39m src/shared/utils/__tests__/logger.test.ts[2m > [22mLogger Utility - Complete Coverage[2m > [22medge cases[2m > [22mshould handle empty string message[32m 2[2mms[22m[39m
 [32mΓ£ô[39m src/shared/utils/__tests__/logger.test.ts[2m > [22mLogger Utility - Complete Coverage[2m > [22mproduction mode behaviors[2m > [22mshould not log debug messages in production[32m 2[2mms[22m[39m
 [32mΓ£ô[39m src/shared/utils/__tests__/logger.test.ts[2m > [22mLogger Utility - Complete Coverage[2m > [22mproduction mode behaviors[2m > [22mshould call flushLogs on error in production[32m 2[2mms[22m[39m
 [32mΓ£ô[39m src/shared/utils/__tests__/logger.test.ts[2m > [22mLogger Utility - Complete Coverage[2m > [22mproduction mode behaviors[2m > [22mshould handle fetch failure in flushLogs gracefully[32m 2[2mms[22m[39m
 [32mΓ£ô[39m src/shared/utils/__tests__/logger.test.ts[2m > [22mLogger Utility - Complete Coverage[2m > [22mproduction mode behaviors[2m > [22mshould handle fetch failure and restore logs to buffer[32m 5[2mms[22m[39m
 [32mΓ£ô[39m src/shared/utils/__tests__/logger.test.ts[2m > [22mLogger Utility - Complete Coverage[2m > [22mcritical error reporting[2m > [22mshould attempt to report critical errors[32m 4[2mms[22m[39m
 [32mΓ£ô[39m src/shared/utils/__tests__/logger.test.ts[2m > [22mLogger Utility - Complete Coverage[2m > [22mcritical error reporting[2m > [22mshould handle critical error reporting failure silently[32m 2[2mms[22m[39m
 [32mΓ£ô[39m src/shared/utils/__tests__/logger.test.ts[2m > [22mLogger Utility - Complete Coverage[2m > [22mbuffer overflow with error flush[2m > [22mshould flush logs immediately when error is logged[32m 2[2mms[22m[39m
 [32mΓ£ô[39m src/shared/utils/__tests__/logger.test.ts[2m > [22mLogger Utility - Complete Coverage[2m > [22mbuffer overflow with error flush[2m > [22mshould maintain buffer limit even with rapid error logging[32m 6[2mms[22m[39m
 [32mΓ£ô[39m src/shared/utils/__tests__/logger.test.ts[2m > [22mLogger Utility - Complete Coverage[2m > [22menvironment context[2m > [22mshould handle missing navigator object[32m 5[2mms[22m[39m
 [32mΓ£ô[39m src/shared/utils/__tests__/logger.test.ts[2m > [22mLogger Utility - Complete Coverage[2m > [22menvironment context[2m > [22mshould handle missing window object[32m 3[2mms[22m[39m
 [32mΓ£ô[39m src/shared/utils/__tests__/logger.test.ts[2m > [22mLogger Utility - Complete Coverage[2m > [22menvironment context[2m > [22mshould handle missing window.location[32m 2[2mms[22m[39m
 [32mΓ£ô[39m src/shared/utils/__tests__/logger.test.ts[2m > [22mLogger Utility - Complete Coverage[2m > [22mstorage error handling[2m > [22mshould handle localStorage.getItem returning null[32m 3[2mms[22m[39m
 [32mΓ£ô[39m src/shared/utils/__tests__/logger.test.ts[2m > [22mLogger Utility - Complete Coverage[2m > [22mstorage error handling[2m > [22mshould handle sessionStorage.getItem returning empty string[32m 2[2mms[22m[39m
 [32mΓ£ô[39m src/shared/utils/__tests__/logger.test.ts[2m > [22mLogger Utility - Complete Coverage[2m > [22mstorage error handling[2m > [22mshould handle sessionStorage returning null[32m 4[2mms[22m[39m
 [32mΓ£ô[39m src/shared/utils/__tests__/logger.test.ts[2m > [22mLogger Utility - Complete Coverage[2m > [22mdefault export[2m > [22mshould export logger as default[32m 3[2mms[22m[39m
 [32mΓ£ô[39m src/shared/utils/__tests__/logger.test.ts[2m > [22mLogger Utility - Complete Coverage[2m > [22mglobal logger in development[2m > [22mshould expose logger globally in development mode[32m 5[2mms[22m[39m
 [32mΓ£ô[39m src/shared/utils/__tests__/logger.test.ts[2m > [22mLogger Utility - Complete Coverage[2m > [22mlog level filtering[2m > [22mshould log all levels in development mode[32m 2[2mms[22m[39m
 [32mΓ£ô[39m src/shared/utils/__tests__/logger.test.ts[2m > [22mLogger Utility - Complete Coverage[2m > [22mcomplex context scenarios[2m > [22mshould handle nested objects in context[32m 2[2mms[22m[39m
 [32mΓ£ô[39m src/shared/utils/__tests__/logger.test.ts[2m > [22mLogger Utility - Complete Coverage[2m > [22mcomplex context scenarios[2m > [22mshould handle arrays in context[32m 2[2mms[22m[39m
 [32mΓ£ô[39m src/shared/utils/__tests__/logger.test.ts[2m > [22mLogger Utility - Complete Coverage[2m > [22mcomplex context scenarios[2m > [22mshould handle Date objects in context[32m 3[2mms[22m[39m
 [32mΓ£ô[39m src/shared/utils/__tests__/logger.test.ts[2m > [22mLogger Utility - Complete Coverage[2m > [22mcomplex context scenarios[2m > [22mshould handle mixed types in context[32m 3[2mms[22m[39m
 [32mΓ£ô[39m src/shared/utils/__tests__/logger.test.ts[2m > [22mLogger Utility - Complete Coverage[2m > [22merror object variations[2m > [22mshould handle Error with custom properties[32m 2[2mms[22m[39m
 [32mΓ£ô[39m src/shared/utils/__tests__/logger.test.ts[2m > [22mLogger Utility - Complete Coverage[2m > [22merror object variations[2m > [22mshould handle TypeError[32m 2[2mms[22m[39m
 [32mΓ£ô[39m src/shared/utils/__tests__/logger.test.ts[2m > [22mLogger Utility - Complete Coverage[2m > [22merror object variations[2m > [22mshould handle ReferenceError[32m 1[2mms[22m[39m
 [32mΓ£ô[39m src/shared/utils/__tests__/logger.test.ts[2m > [22mLogger Utility - Complete Coverage[2m > [22merror object variations[2m > [22mshould handle error with null message[32m 1[2mms[22m[39m
[90mstdout[2m | src/__tests__/strictMode.test.tsx
[22m[39mΓä╣∩╕Å [2025-10-18T17:54:13.885Z] INFO: Enhanced Logger initialized { environment: [32m'test'[39m }

[90mstdout[2m | src/__tests__/strictMode.test.tsx
[22m[39mΓä╣∩╕Å [2025-10-18T17:54:13.891Z] INFO: ≡ƒöº API Configuration Debug: 
Γä╣∩╕Å [2025-10-18T17:54:13.891Z] INFO: Current Environment { env: [32m'DIRECT'[39m }
Γä╣∩╕Å [2025-10-18T17:54:13.892Z] INFO: API Base URL { url: [32m'http://127.0.0.1:8001/api/v1'[39m }
Γä╣∩╕Å [2025-10-18T17:54:13.892Z] INFO: Health Check URL { url: [32m'http://127.0.0.1:8001/api/v1/health'[39m }
Γä╣∩╕Å [2025-10-18T17:54:13.893Z] INFO: Full Config {
  config: {
    PROTOCOL: [32m'http'[39m,
    HOST: [32m'127.0.0.1'[39m,
    PORT: [33m8001[39m,
    API_PREFIX: [32m'/api/v1'[39m
  }
}

[90mstdout[2m | src/__tests__/strictMode.test.tsx
[22m[39mΓä╣∩╕Å [2025-10-18T17:54:13.915Z] INFO: [Error Logger] Debug interface available at window.errorLogger 

[90mstdout[2m | src/__tests__/strictMode.test.tsx[2m > [22m[2mStrictMode Compatibility Tests[2m > [22m[2mAuthProvider - No Duplicate Auth Checks[2m > [22m[2mshould only call auth check once in StrictMode
[22m[39m≡ƒÉ¢ [2025-10-18T17:54:14.142Z] DEBUG: Auth check skipped - already mounted in StrictMode 
≡ƒÉ¢ [2025-10-18T17:54:14.152Z] DEBUG: Auth check aborted after API call 

[90mstdout[2m | src/__tests__/strictMode.test.tsx[2m > [22m[2mStrictMode Compatibility Tests[2m > [22m[2mAuthProvider - No Duplicate Auth Checks[2m > [22m[2mshould abort auth check on unmount
[22m[39m≡ƒÉ¢ [2025-10-18T17:54:14.202Z] DEBUG: No valid authentication session found 
≡ƒÉ¢ [2025-10-18T17:54:14.203Z] DEBUG: Auth check skipped - already mounted in StrictMode 

 [32mΓ£ô[39m src/__tests__/strictMode.test.tsx[2m > [22mStrictMode Compatibility Tests[2m > [22mAuthProvider - No Duplicate Auth Checks[2m > [22mshould only call auth check once in StrictMode[32m 74[2mms[22m[39m
[90mstdout[2m | src/lib/api/__tests__/client.retry.test.ts[2m > [22m[2mApiClient - Retry Logic[2m > [22m[2mExponential Backoff[2m > [22m[2mshould retry on 503 service unavailable error
[22m[39mΓä╣∩╕Å [2025-10-18T17:54:14.287Z] INFO: [API] GET http://localhost:8001/api/v1/test { body: [90mundefined[39m, headers: { [32m'Content-Type'[39m: [32m'application/json'[39m } }

[90mstdout[2m | src/lib/api/__tests__/client.retry.test.ts[2m > [22m[2mApiClient - Retry Logic[2m > [22m[2mExponential Backoff[2m > [22m[2mshould retry on 503 service unavailable error
[22m[39mΓä╣∩╕Å [2025-10-18T17:54:14.288Z] INFO: [API] Response 200  { url: [32m'http://localhost:8001/api/v1/test'[39m, status: [33m200[39m, ok: [33mtrue[39m }

[90mstdout[2m | src/lib/api/__tests__/client.retry.test.ts[2m > [22m[2mApiClient - Retry Logic[2m > [22m[2mExponential Backoff[2m > [22m[2mshould retry on 502 bad gateway error
[22m[39mΓä╣∩╕Å [2025-10-18T17:54:14.291Z] INFO: [API] GET http://localhost:8001/api/v1/test { body: [90mundefined[39m, headers: { [32m'Content-Type'[39m: [32m'application/json'[39m } }

[90mstdout[2m | src/lib/api/__tests__/client.retry.test.ts[2m > [22m[2mApiClient - Retry Logic[2m > [22m[2mExponential Backoff[2m > [22m[2mshould retry on 502 bad gateway error
[22m[39mΓä╣∩╕Å [2025-10-18T17:54:14.292Z] INFO: [API] Response 502  { url: [32m'http://localhost:8001/api/v1/test'[39m, status: [33m502[39m, ok: [33mfalse[39m }

[90mstdout[2m | src/lib/api/__tests__/client.retry.test.ts[2m > [22m[2mApiClient - Retry Logic[2m > [22m[2mExponential Backoff[2m > [22m[2mshould retry on 502 bad gateway error
[22m[39mΓä╣∩╕Å [2025-10-18T17:54:14.293Z] INFO: [API] Error normalization {
  errorPayload: { error: [32m'Bad Gateway'[39m },
  normalized: {
    status: [33m502[39m,
    message: [32m'HTTP 502'[39m,
    code: [32m'BAD_GATEWAY'[39m,
    detail: [90mundefined[39m,
    details: [90mundefined[39m,
    errors: [90mundefined[39m,
    timestamp: [32m'2025-10-18T17:54:14.293Z'[39m
  },
  extractedCode: [32m'BAD_GATEWAY'[39m
}

[90mstderr[2m | src/lib/api/__tests__/client.retry.test.ts[2m > [22m[2mApiClient - Retry 
Logic[2m > [22m[2mExponential Backoff[2m > [22m[2mshould retry on 502 bad gateway error
[22m[39mΓÜá∩╕Å [2025-10-18T17:54:14.294Z] WARN: [API] Retry 1/3 for GET /test after 1000ms { 
error: [32m'HTTP 502'[39m, statusCode: [33m502[39m, attempt: [33m1[39m, delay: 
[33m1000[39m }

 [32mΓ£ô[39m src/__tests__/strictMode.test.tsx[2m > [22mStrictMode Compatibility Tests[2m > [22mAuthProvider - No Duplicate Auth Checks[2m > [22mshould abort auth check on unmount[32m 46[2mms[22m[39m
 [32mΓ£ô[39m src/__tests__/strictMode.test.tsx[2m > [22mStrictMode Compatibility Tests[2m > [22mInfiniteScrollExamples - No Duplicate Fetches[2m > [22mshould only fetch once per scroll in StrictMode[32m 83[2mms[22m[39m
 [32mΓ£ô[39m src/lib/api/__tests__/client.retry.test.ts[2m > [22mApiClient - Retry Logic[2m > [22mExponential Backoff[2m > [22mshould retry on 503 service unavailable error[33m 1012[2mms[22m[39m
 [32mΓ£ô[39m src/__tests__/strictMode.test.tsx[2m > [22mStrictMode Compatibility Tests[2m > [22mInfiniteScrollExamples - No Duplicate Fetches[2m > [22mshould cancel pending requests when component unmounts[32m 23[2mms[22m[39m
 [32mΓ£ô[39m src/__tests__/strictMode.test.tsx[2m > [22mStrictMode Compatibility Tests[2m > [22museApi - Stable Dependencies[2m > [22mshould not re-execute on callback changes[32m 11[2mms[22m[39m
 [32mΓ£ô[39m src/__tests__/strictMode.test.tsx[2m > [22mStrictMode Compatibility Tests[2m > [22museApi - Stable Dependencies[2m > [22mshould cleanup abort controller on unmount[32m 41[2mms[22m[39m
 [32mΓ£ô[39m src/__tests__/strictMode.test.tsx[2m > [22mStrictMode Compatibility Tests[2m > [22mTimer Cleanup Tests[2m > [22mshould clear timers on unmount[32m 15[2mms[22m[39m
 [32mΓ£ô[39m src/__tests__/strictMode.test.tsx[2m > [22mStrictMode Compatibility Tests[2m > [22mEvent Listener Cleanup Tests[2m > [22mshould remove event listeners on unmount[32m 8[2mms[22m[39m
 [32mΓ£ô[39m src/__tests__/strictMode.test.tsx[2m > [22mStrictMode Compatibility Tests[2m > [22mEvent Listener Cleanup Tests[2m > [22mshould not register duplicate listeners in StrictMode[32m 7[2mms[22m[39m
 [32mΓ£ô[39m src/__tests__/strictMode.test.tsx[2m > [22mStrictMode Compatibility Tests[2m > [22mRef Guard Pattern Tests[2m > [22mshould use ref guards to prevent double execution[32m 5[2mms[22m[39m
 [32mΓ£ô[39m src/__tests__/strictMode.test.tsx[2m > [22mIntegration: Complex Component with Multiple Effects[2m > [22mshould handle all StrictMode scenarios correctly[32m 17[2mms[22m[39m
 [32mΓ£ô[39m src/hooks/__tests__/hooks.test.ts[2m > [22museAsyncOperation[2m > [22mshould initialize with default state[32m 25[2mms[22m[39m
 [32mΓ£ô[39m src/hooks/__tests__/hooks.test.ts[2m > [22museAsyncOperation[2m > [22mshould handle successful async operation[32m 15[2mms[22m[39m
 [32mΓ£ô[39m src/hooks/__tests__/hooks.test.ts[2m > [22museAsyncOperation[2m > [22mshould handle failed async operation[32m 64[2mms[22m[39m
 [32mΓ£ô[39m src/hooks/__tests__/hooks.test.ts[2m > [22museAsyncOperation[2m > [22mshould reset state[32m 4[2mms[22m[39m
 [32mΓ£ô[39m src/hooks/__tests__/hooks.test.ts[2m > [22museFormState[2m > [22mshould initialize with initial values[32m 4[2mms[22m[39m
 [32mΓ£ô[39m src/hooks/__tests__/hooks.test.ts[2m > [22museFormState[2m > [22mshould update field value[32m 4[2mms[22m[39m
 [32mΓ£ô[39m src/hooks/__tests__/hooks.test.ts[2m > [22museFormState[2m > [22mshould set field errors[32m 2[2mms[22m[39m
 [32mΓ£ô[39m src/hooks/__tests__/hooks.test.ts[2m > [22museFormState[2m > [22mshould reset form[32m 4[2mms[22m[39m
 [32mΓ£ô[39m src/hooks/__tests__/hooks.test.ts[2m > [22musePagination[2m > [22mshould initialize with correct values[32m 4[2mms[22m[39m
 [32mΓ£ô[39m src/hooks/__tests__/hooks.test.ts[2m > [22musePagination[2m > [22mshould go to next page[32m 4[2mms[22m[39m
 [32mΓ£ô[39m src/hooks/__tests__/hooks.test.ts[2m > [22musePagination[2m > [22mshould go to previous page[32m 3[2mms[22m[39m
 [32mΓ£ô[39m src/hooks/__tests__/hooks.test.ts[2m > [22musePagination[2m > [22mshould not go beyond last page[32m 2[2mms[22m[39m
 [32mΓ£ô[39m src/hooks/__tests__/hooks.test.ts[2m > [22musePagination[2m > [22mshould not go before first page[32m 2[2mms[22m[39m
 [32mΓ£ô[39m src/hooks/__tests__/hooks.test.ts[2m > [22musePagination[2m > [22mshould jump to specific page[32m 2[2mms[22m[39m
[90mstdout[2m | src/lib/api/__tests__/client.retry.test.ts[2m > [22m[2mApiClient - Retry Logic[2m > [22m[2mExponential Backoff[2m > [22m[2mshould retry on 502 bad gateway error
[22m[39mΓä╣∩╕Å [2025-10-18T17:54:15.307Z] INFO: [API] GET http://localhost:8001/api/v1/test { body: [90mundefined[39m, headers: { [32m'Content-Type'[39m: [32m'application/json'[39m } }

[90mstdout[2m | src/lib/api/__tests__/client.retry.test.ts[2m > [22m[2mApiClient - Retry Logic[2m > [22m[2mExponential Backoff[2m > [22m[2mshould retry on 502 bad gateway error
[22m[39mΓä╣∩╕Å [2025-10-18T17:54:15.308Z] INFO: [API] Response 200  { url: [32m'http://localhost:8001/api/v1/test'[39m, status: [33m200[39m, ok: [33mtrue[39m }

[90mstdout[2m | src/lib/api/__tests__/client.retry.test.ts[2m > [22m[2mApiClient - Retry Logic[2m > [22m[2mExponential Backoff[2m > [22m[2mshould retry on 504 gateway timeout error
[22m[39mΓä╣∩╕Å [2025-10-18T17:54:15.311Z] INFO: [API] GET http://localhost:8001/api/v1/test { body: [90mundefined[39m, headers: { [32m'Content-Type'[39m: [32m'application/json'[39m } }

[90mstdout[2m | src/lib/api/__tests__/client.retry.test.ts[2m > [22m[2mApiClient - Retry Logic[2m > [22m[2mExponential Backoff[2m > [22m[2mshould retry on 504 gateway timeout error
[22m[39mΓä╣∩╕Å [2025-10-18T17:54:15.312Z] INFO: [API] Response 504  { url: [32m'http://localhost:8001/api/v1/test'[39m, status: [33m504[39m, ok: [33mfalse[39m }

[90mstdout[2m | src/lib/api/__tests__/client.retry.test.ts[2m > [22m[2mApiClient - Retry Logic[2m > [22m[2mExponential Backoff[2m > [22m[2mshould retry on 504 gateway timeout error
[22m[39mΓä╣∩╕Å [2025-10-18T17:54:15.312Z] INFO: [API] Error normalization {
  errorPayload: { error: [32m'Gateway Timeout'[39m },
  normalized: {
    status: [33m504[39m,
    message: [32m'HTTP 504'[39m,
    code: [32m'GATEWAY_TIMEOUT'[39m,
    detail: [90mundefined[39m,
    details: [90mundefined[39m,
    errors: [90mundefined[39m,
    timestamp: [32m'2025-10-18T17:54:15.312Z'[39m
  },
  extractedCode: [32m'GATEWAY_TIMEOUT'[39m
}

[90mstderr[2m | src/lib/api/__tests__/client.retry.test.ts[2m > [22m[2mApiClient - Retry 
Logic[2m > [22m[2mExponential Backoff[2m > [22m[2mshould retry on 504 gateway timeout error
[22m[39mΓÜá∩╕Å [2025-10-18T17:54:15.313Z] WARN: [API] Retry 1/3 for GET /test after 1000ms { 
error: [32m'HTTP 504'[39m, statusCode: [33m504[39m, attempt: [33m1[39m, delay: 
[33m1000[39m }

 [32mΓ£ô[39m src/lib/api/__tests__/client.retry.test.ts[2m > [22mApiClient - Retry Logic[2m > [22mExponential Backoff[2m > [22mshould retry on 502 bad gateway error[33m 1020[2mms[22m[39m
[90mstdout[2m | src/lib/api/__tests__/client.retry.test.ts[2m > [22m[2mApiClient - Retry Logic[2m > [22m[2mExponential Backoff[2m > [22m[2mshould retry on 504 gateway timeout error
[22m[39mΓä╣∩╕Å [2025-10-18T17:54:16.329Z] INFO: [API] GET http://localhost:8001/api/v1/test { body: [90mundefined[39m, headers: { [32m'Content-Type'[39m: [32m'application/json'[39m } }

[90mstdout[2m | src/lib/api/__tests__/client.retry.test.ts[2m > [22m[2mApiClient - Retry Logic[2m > [22m[2mExponential Backoff[2m > [22m[2mshould retry on 504 gateway timeout error
[22m[39mΓä╣∩╕Å [2025-10-18T17:54:16.330Z] INFO: [API] Response 200  { url: [32m'http://localhost:8001/api/v1/test'[39m, status: [33m200[39m, ok: [33mtrue[39m }

[90mstdout[2m | src/lib/api/__tests__/client.retry.test.ts[2m > [22m[2mApiClient - Retry Logic[2m > [22m[2mExponential Backoff[2m > [22m[2mshould retry on network errors (fetch failures)
[22m[39mΓä╣∩╕Å [2025-10-18T17:54:16.333Z] INFO: [API] GET http://localhost:8001/api/v1/test { body: [90mundefined[39m, headers: { [32m'Content-Type'[39m: [32m'application/json'[39m } }

[90mstderr[2m | src/lib/api/__tests__/client.retry.test.ts[2m > [22m[2mApiClient - Retry 
Logic[2m > [22m[2mExponential Backoff[2m > [22m[2mshould retry on network errors (fetch 
failures)
[22m[39mΓÜá∩╕Å [2025-10-18T17:54:16.333Z] WARN: [API] Retry 1/3 for GET /test after 1000ms { 
error: [32m'Failed to fetch'[39m, statusCode: [33m0[39m, attempt: [33m1[39m, delay: 
[33m1000[39m }

 [32mΓ£ô[39m src/lib/api/__tests__/client.retry.test.ts[2m > [22mApiClient - Retry Logic[2m > [22mExponential Backoff[2m > [22mshould retry on 504 gateway timeout error[33m 1022[2mms[22m[39m
[90mstdout[2m | src/shared/utils/__tests__/error.test.ts
[22m[39mΓä╣∩╕Å [2025-10-18T17:54:16.624Z] INFO: Enhanced Logger initialized { environment: [32m'test'[39m }

[90mstdout[2m | src/shared/utils/__tests__/error.test.ts
[22m[39mΓä╣∩╕Å [2025-10-18T17:54:16.632Z] INFO: [Error Logger] Debug interface available at window.errorLogger 

[90mstderr[2m | src/shared/utils/__tests__/error.test.ts[2m > [22m[2mError Utility - 
Complete Coverage[2m > [22m[2merrorLogger[2m > [22m[2mshould log error without throwing
[22m[39m[Error Logger] INTERNAL_ERROR {
  message: [32m'Test error'[39m,
  severity: [32m'critical'[39m,
  timestamp: [32m'2025-10-18T17:54:16.764Z'[39m,
  url: [32m'http://localhost:5173/'[39m,
  details: [ [32m'Test error'[39m ],
  context: [32m'test-context'[39m
}

[90mstderr[2m | src/shared/utils/__tests__/error.test.ts[2m > [22m[2mError Utility - 
Complete Coverage[2m > [22m[2merrorLogger[2m > [22m[2mshould log error without throwing
[22m[39mΓÜá∩╕Å [2025-10-18T17:54:16.768Z] WARN: [Error Logger] Failed to send error log to 
backend: {
  err: TypeError: Failed to parse URL from /api/v1/logs/frontend-errors
  [90m    at node:internal/deps/undici/undici:13178:13[39m
      at ErrorLogger.sendToBackend 
[90m(D:\code\reactjs\user_mn_ui\[39msrc\shared\utils\error.ts:1207:24[90m)[39m {
    [cause]: TypeError: Invalid URL: /api/v1/logs/frontend-errors
        at new URLImpl [90m(D:\code\reactjs\user_mn_ui\[39mnode_modules\[4mwhatwg-url[24m\lib\
URL-impl.js:20:13[90m)[39m
        at Object.exports.setup 
[90m(D:\code\reactjs\user_mn_ui\[39mnode_modules\[4mwhatwg-url[24m\lib\URL.js:54:12[90m)[39m
        at new URL [90m(D:\code\reactjs\user_mn_ui\[39mnode_modules\[4mwhatwg-url[24m\lib\URL.
js:115:22[90m)[39m
    [90m    at new Request (node:internal/deps/undici/undici:9269:25)[39m
    [90m    at fetch (node:internal/deps/undici/undici:9998:25)[39m
    [90m    at fetch (node:internal/deps/undici/undici:13176:10)[39m
    [90m    at fetch (node:internal/bootstrap/web/exposed-window-or-worker:72:12)[39m
        at ErrorLogger.sendToBackend 
[90m(D:\code\reactjs\user_mn_ui\[39msrc\shared\utils\error.ts:1207:30[90m)[39m
        at ErrorLogger.log 
[90m(D:\code\reactjs\user_mn_ui\[39msrc\shared\utils\error.ts:1183:15[90m)[39m
        at [90mD:\code\reactjs\user_mn_ui\[39msrc\shared\utils\__tests__\error.test.ts:590:32
  }
}

[90mstdout[2m | src/shared/utils/__tests__/error.test.ts[2m > [22m[2mError Utility - Complete Coverage[2m > [22m[2merrorLogger[2m > [22m[2mshould clear errors without throwing
[22m[39mΓä╣∩╕Å [2025-10-18T17:54:16.788Z] INFO: [Error Logger] Logs cleared 

 [32mΓ£ô[39m src/shared/utils/__tests__/error.test.ts[2m > [22mError Utility - Complete Coverage[2m > [22mHTTP_ERROR_MAPPING constant[2m > [22mshould have mapping for 400 Bad Request[32m 8[2mms[22m[39m
 [32mΓ£ô[39m src/shared/utils/__tests__/error.test.ts[2m > [22mError Utility - Complete Coverage[2m > [22mHTTP_ERROR_MAPPING constant[2m > [22mshould have mapping for 401 Unauthorized[32m 2[2mms[22m[39m
 [32mΓ£ô[39m src/shared/utils/__tests__/error.test.ts[2m > [22mError Utility - Complete Coverage[2m > [22mHTTP_ERROR_MAPPING constant[2m > [22mshould have mapping for 403 Forbidden[32m 1[2mms[22m[39m
 [32mΓ£ô[39m src/shared/utils/__tests__/error.test.ts[2m > [22mError Utility - Complete Coverage[2m > [22mHTTP_ERROR_MAPPING constant[2m > [22mshould have mapping for 404 Not Found[32m 1[2mms[22m[39m
 [32mΓ£ô[39m src/shared/utils/__tests__/error.test.ts[2m > [22mError Utility - Complete Coverage[2m > [22mHTTP_ERROR_MAPPING constant[2m > [22mshould have mapping for 429 Rate Limit[32m 1[2mms[22m[39m
 [32mΓ£ô[39m src/shared/utils/__tests__/error.test.ts[2m > [22mError Utility - Complete Coverage[2m > [22mHTTP_ERROR_MAPPING constant[2m > [22mshould have mapping for 500 Internal Server Error[32m 1[2mms[22m[39m
 [32mΓ£ô[39m src/shared/utils/__tests__/error.test.ts[2m > [22mError Utility - Complete Coverage[2m > [22mERROR_CATEGORY_CONFIG constant[2m > [22mshould have config for network errors[32m 6[2mms[22m[39m
 [32mΓ£ô[39m src/shared/utils/__tests__/error.test.ts[2m > [22mError Utility - Complete Coverage[2m > [22mERROR_CATEGORY_CONFIG constant[2m > [22mshould have config for auth errors[32m 1[2mms[22m[39m
 [32mΓ£ô[39m src/shared/utils/__tests__/error.test.ts[2m > [22mError Utility - Complete Coverage[2m > [22mERROR_CATEGORY_CONFIG constant[2m > [22mshould have config for validation errors[32m 1[2mms[22m[39m
 [32mΓ£ô[39m src/shared/utils/__tests__/error.test.ts[2m > [22mError Utility - Complete Coverage[2m > [22mERROR_CATEGORY_CONFIG constant[2m > [22mshould have config for all 7 categories[32m 4[2mms[22m[39m
 [32mΓ£ô[39m src/shared/utils/__tests__/error.test.ts[2m > [22mError Utility - Complete Coverage[2m > [22mAPPLICATION_ERRORS constant[2m > [22mshould have email exists error[32m 1[2mms[22m[39m
 [32mΓ£ô[39m src/shared/utils/__tests__/error.test.ts[2m > [22mError Utility - Complete Coverage[2m > [22mAPPLICATION_ERRORS constant[2m > [22mshould have invalid data error[32m 0[2mms[22m[39m
 [32mΓ£ô[39m src/shared/utils/__tests__/error.test.ts[2m > [22mError Utility - Complete Coverage[2m > [22mgetErrorFromStatusCode()[2m > [22mshould return error info for 400 status[32m 0[2mms[22m[39m
 [32mΓ£ô[39m src/shared/utils/__tests__/error.test.ts[2m > [22mError Utility - Complete Coverage[2m > [22mgetErrorFromStatusCode()[2m > [22mshould return error info for 401 status[32m 0[2mms[22m[39m
 [32mΓ£ô[39m src/shared/utils/__tests__/error.test.ts[2m > [22mError Utility - Complete Coverage[2m > [22mgetErrorFromStatusCode()[2m > [22mshould return error info for 404 status[32m 0[2mms[22m[39m
 [32mΓ£ô[39m src/shared/utils/__tests__/error.test.ts[2m > [22mError Utility - Complete Coverage[2m > [22mgetErrorFromStatusCode()[2m > [22mshould return error info for 429 status[32m 0[2mms[22m[39m
 [32mΓ£ô[39m src/shared/utils/__tests__/error.test.ts[2m > [22mError Utility - Complete Coverage[2m > [22mgetErrorFromStatusCode()[2m > [22mshould return error info for 500 status[32m 0[2mms[22m[39m
 [32mΓ£ô[39m src/shared/utils/__tests__/error.test.ts[2m > [22mError Utility - Complete Coverage[2m > [22mgetErrorFromStatusCode()[2m > [22mshould return unknown error for unmapped status code[32m 0[2mms[22m[39m
 [32mΓ£ô[39m src/shared/utils/__tests__/error.test.ts[2m > [22mError Utility - Complete Coverage[2m > [22mgetErrorFromStatusCode()[2m > [22mshould return unknown error for negative status code[32m 0[2mms[22m[39m
 [32mΓ£ô[39m src/shared/utils/__tests__/error.test.ts[2m > [22mError Utility - Complete Coverage[2m > [22mgetErrorFromMessage()[2m > [22mshould extract status from HTTP error message[32m 1[2mms[22m[39m
 [32mΓ£ô[39m src/shared/utils/__tests__/error.test.ts[2m > [22mError Utility - Complete Coverage[2m > [22mgetErrorFromMessage()[2m > [22mshould extract status from different HTTP error format[32m 0[2mms[22m[39m
 [32mΓ£ô[39m src/shared/utils/__tests__/error.test.ts[2m > [22mError Utility - Complete Coverage[2m > [22mgetErrorFromMessage()[2m > [22mshould detect network error from message[32m 0[2mms[22m[39m
 [32mΓ£ô[39m src/shared/utils/__tests__/error.test.ts[2m > [22mError Utility - Complete Coverage[2m > [22mgetErrorFromMessage()[2m > [22mshould detect network error from fetch failed[32m 0[2mms[22m[39m
 [32mΓ£ô[39m src/shared/utils/__tests__/error.test.ts[2m > [22mError Utility - Complete Coverage[2m > [22mgetErrorFromMessage()[2m > [22mshould detect timeout error[32m 0[2mms[22m[39m
 [32mΓ£ô[39m src/shared/utils/__tests__/error.test.ts[2m > [22mError Utility - Complete Coverage[2m > [22mgetErrorFromMessage()[2m > [22mshould return unknown error for unrecognized message[32m 0[2mms[22m[39m
 [32mΓ£ô[39m src/shared/utils/__tests__/error.test.ts[2m > [22mError Utility - Complete Coverage[2m > [22mgetErrorFromMessage()[2m > [22mshould handle empty error message[32m 0[2mms[22m[39m
 [32mΓ£ô[39m src/shared/utils/__tests__/error.test.ts[2m > [22mError Utility - Complete Coverage[2m > [22mparseError()[2m > [22mshould parse ApiError instance[32m 1[2mms[22m[39m
 [32mΓ£ô[39m src/shared/utils/__tests__/error.test.ts[2m > [22mError Utility - Complete Coverage[2m > [22mparseError()[2m > [22mshould parse ApiError with 500 status[32m 1[2mms[22m[39m
 [32mΓ£ô[39m src/shared/utils/__tests__/error.test.ts[2m > [22mError Utility - Complete Coverage[2m > [22mparseError()[2m > [22mshould parse Error with message[32m 0[2mms[22m[39m
 [32mΓ£ô[39m src/shared/utils/__tests__/error.test.ts[2m > [22mError Utility - Complete Coverage[2m > [22mparseError()[2m > [22mshould parse Error with network message[32m 0[2mms[22m[39m
 [32mΓ£ô[39m src/shared/utils/__tests__/error.test.ts[2m > [22mError Utility - Complete Coverage[2m > [22mparseError()[2m > [22mshould parse plain string error[32m 0[2mms[22m[39m
 [32mΓ£ô[39m src/shared/utils/__tests__/error.test.ts[2m > [22mError Utility - Complete Coverage[2m > [22mparseError()[2m > [22mshould parse null error[32m 0[2mms[22m[39m
 [32mΓ£ô[39m src/shared/utils/__tests__/error.test.ts[2m > [22mError Utility - Complete Coverage[2m > [22mparseError()[2m > [22mshould parse undefined error[32m 0[2mms[22m[39m
 [32mΓ£ô[39m src/shared/utils/__tests__/error.test.ts[2m > [22mError Utility - Complete Coverage[2m > [22mparseError()[2m > [22mshould parse object with message property[32m 0[2mms[22m[39m
 [32mΓ£ô[39m src/shared/utils/__tests__/error.test.ts[2m > [22mError Utility - Complete Coverage[2m > [22mparseError()[2m > [22mshould parse plain object without message[32m 0[2mms[22m[39m
 [32mΓ£ô[39m src/shared/utils/__tests__/error.test.ts[2m > [22mError Utility - Complete Coverage[2m > [22misApiErrorResponse()[2m > [22mshould return true for valid ApiErrorResponse[32m 0[2mms[22m[39m
 [32mΓ£ô[39m src/shared/utils/__tests__/error.test.ts[2m > [22mError Utility - Complete Coverage[2m > [22misApiErrorResponse()[2m > [22mshould return true for ApiErrorResponse with optional fields[32m 0[2mms[22m[39m
 [32mΓ£ô[39m src/shared/utils/__tests__/error.test.ts[2m > [22mError Utility - Complete Coverage[2m > [22misApiErrorResponse()[2m > [22mshould return false for missing error field[32m 0[2mms[22m[39m
 [32mΓ£ô[39m src/shared/utils/__tests__/error.test.ts[2m > [22mError Utility - Complete Coverage[2m > [22misApiErrorResponse()[2m > [22mshould return false for missing message field[32m 0[2mms[22m[39m
 [32mΓ£ô[39m src/shared/utils/__tests__/error.test.ts[2m > [22mError Utility - Complete Coverage[2m > [22misApiErrorResponse()[2m > [22mshould return false for missing statusCode field[32m 0[2mms[22m[39m
 [32mΓ£ô[39m src/shared/utils/__tests__/error.test.ts[2m > [22mError Utility - Complete Coverage[2m > [22misApiErrorResponse()[2m > [22mshould return false for null[32m 0[2mms[22m[39m
 [32mΓ£ô[39m src/shared/utils/__tests__/error.test.ts[2m > [22mError Utility - Complete Coverage[2m > [22misApiErrorResponse()[2m > [22mshould return false for undefined[32m 0[2mms[22m[39m
 [32mΓ£ô[39m src/shared/utils/__tests__/error.test.ts[2m > [22mError Utility - Complete Coverage[2m > [22misApiErrorResponse()[2m > [22mshould return false for plain string[32m 0[2mms[22m[39m
 [32mΓ£ô[39m src/shared/utils/__tests__/error.test.ts[2m > [22mError Utility - Complete Coverage[2m > [22misApiErrorResponse()[2m > [22mshould return false for number[32m 0[2mms[22m[39m
 [32mΓ£ô[39m src/shared/utils/__tests__/error.test.ts[2m > [22mError Utility - Complete Coverage[2m > [22mgetErrorMessage()[2m > [22mshould return message for known error code[32m 0[2mms[22m[39m
 [32mΓ£ô[39m src/shared/utils/__tests__/error.test.ts[2m > [22mError Utility - Complete Coverage[2m > [22mgetErrorMessage()[2m > [22mshould return default message for unknown error code[32m 0[2mms[22m[39m
 [32mΓ£ô[39m src/shared/utils/__tests__/error.test.ts[2m > [22mError Utility - Complete Coverage[2m > [22mgetErrorMessage()[2m > [22mshould handle empty error code[32m 0[2mms[22m[39m
 [32mΓ£ô[39m src/shared/utils/__tests__/error.test.ts[2m > [22mError Utility - Complete Coverage[2m > [22mparseApiError()[2m > [22mshould parse ApiError instance[32m 1[2mms[22m[39m
 [32mΓ£ô[39m src/shared/utils/__tests__/error.test.ts[2m > [22mError Utility - Complete Coverage[2m > [22mparseApiError()[2m > [22mshould parse ApiErrorResponse object[32m 2[2mms[22m[39m
 [32mΓ£ô[39m src/shared/utils/__tests__/error.test.ts[2m > [22mError Utility - Complete Coverage[2m > [22mparseApiError()[2m > [22mshould parse Error with status property[32m 1[2mms[22m[39m
 [32mΓ£ô[39m src/shared/utils/__tests__/error.test.ts[2m > [22mError Utility - Complete Coverage[2m > [22mparseApiError()[2m > [22mshould parse Error without status[32m 0[2mms[22m[39m
 [32mΓ£ô[39m src/shared/utils/__tests__/error.test.ts[2m > [22mError Utility - Complete Coverage[2m > [22mparseApiError()[2m > [22mshould parse string error[32m 0[2mms[22m[39m
 [32mΓ£ô[39m src/shared/utils/__tests__/error.test.ts[2m > [22mError Utility - Complete Coverage[2m > [22mparseApiError()[2m > [22mshould parse null[32m 0[2mms[22m[39m
 [32mΓ£ô[39m src/shared/utils/__tests__/error.test.ts[2m > [22mError Utility - Complete Coverage[2m > [22mparseApiError()[2m > [22mshould parse undefined[32m 0[2mms[22m[39m
 [32mΓ£ô[39m src/shared/utils/__tests__/error.test.ts[2m > [22mError Utility - Complete Coverage[2m > [22mparseApiError()[2m > [22mshould extract validation errors[32m 1[2mms[22m[39m
 [32mΓ£ô[39m src/shared/utils/__tests__/error.test.ts[2m > [22mError Utility - Complete Coverage[2m > [22mformatErrorForDisplay()[2m > [22mshould format ApiError for display[32m 1[2mms[22m[39m
 [32mΓ£ô[39m src/shared/utils/__tests__/error.test.ts[2m > [22mError Utility - Complete Coverage[2m > [22mformatErrorForDisplay()[2m > [22mshould format string error for display[32m 0[2mms[22m[39m
 [32mΓ£ô[39m src/shared/utils/__tests__/error.test.ts[2m > [22mError Utility - Complete Coverage[2m > [22mformatErrorForDisplay()[2m > [22mshould format Error object for display[32m 1[2mms[22m[39m
 [32mΓ£ô[39m src/shared/utils/__tests__/error.test.ts[2m > [22mError Utility - Complete Coverage[2m > [22mformatErrorForDisplay()[2m > [22mshould format null for display[32m 0[2mms[22m[39m
 [32mΓ£ô[39m src/shared/utils/__tests__/error.test.ts[2m > [22mError Utility - Complete Coverage[2m > [22mformatErrorForDisplay()[2m > [22mshould format undefined for display[32m 0[2mms[22m[39m
 [32mΓ£ô[39m src/shared/utils/__tests__/error.test.ts[2m > [22mError Utility - Complete Coverage[2m > [22misAuthError()[2m > [22mshould return true for 401 error[32m 0[2mms[22m[39m
 [32mΓ£ô[39m src/shared/utils/__tests__/error.test.ts[2m > [22mError Utility - Complete Coverage[2m > [22misAuthError()[2m > [22mshould return true for 403 error[32m 0[2mms[22m[39m
 [32mΓ£ô[39m src/shared/utils/__tests__/error.test.ts[2m > [22mError Utility - Complete Coverage[2m > [22misAuthError()[2m > [22mshould return false for 400 error[32m 0[2mms[22m[39m
 [32mΓ£ô[39m src/shared/utils/__tests__/error.test.ts[2m > [22mError Utility - Complete Coverage[2m > [22misAuthError()[2m > [22mshould return false for 500 error[32m 0[2mms[22m[39m
 [32mΓ£ô[39m src/shared/utils/__tests__/error.test.ts[2m > [22mError Utility - Complete Coverage[2m > [22misAuthError()[2m > [22mshould return false for non-auth string error[32m 0[2mms[22m[39m
 [32mΓ£ô[39m src/shared/utils/__tests__/error.test.ts[2m > [22mError Utility - Complete Coverage[2m > [22mrequiresUserAction()[2m > [22mshould return true for validation errors[32m 1[2mms[22m[39m
 [32mΓ£ô[39m src/shared/utils/__tests__/error.test.ts[2m > [22mError Utility - Complete Coverage[2m > [22mrequiresUserAction()[2m > [22mshould return true for 422 errors[32m 1[2mms[22m[39m
 [32mΓ£ô[39m src/shared/utils/__tests__/error.test.ts[2m > [22mError Utility - Complete Coverage[2m > [22mrequiresUserAction()[2m > [22mshould return false for 500 errors[32m 1[2mms[22m[39m
 [32mΓ£ô[39m src/shared/utils/__tests__/error.test.ts[2m > [22mError Utility - Complete Coverage[2m > [22mrequiresUserAction()[2m > [22mshould return false for network errors[32m 1[2mms[22m[39m
 [32mΓ£ô[39m src/shared/utils/__tests__/error.test.ts[2m > [22mError Utility - Complete Coverage[2m > [22mgetErrorSeverity()[2m > [22mshould return error severity for 500 status[32m 2[2mms[22m[39m
 [32mΓ£ô[39m src/shared/utils/__tests__/error.test.ts[2m > [22mError Utility - Complete Coverage[2m > [22mgetErrorSeverity()[2m > [22mshould return error severity for 400 status[32m 1[2mms[22m[39m
 [32mΓ£ô[39m src/shared/utils/__tests__/error.test.ts[2m > [22mError Utility - Complete Coverage[2m > [22mgetErrorSeverity()[2m > [22mshould return severity for 429 status[32m 1[2mms[22m[39m
 [32mΓ£ô[39m src/shared/utils/__tests__/error.test.ts[2m > [22mError Utility - Complete Coverage[2m > [22mgetErrorSeverity()[2m > [22mshould return valid severity for various status codes[32m 1[2mms[22m[39m
 [32mΓ£ô[39m src/shared/utils/__tests__/error.test.ts[2m > [22mError Utility - Complete Coverage[2m > [22mnormalizeApiError()[2m > [22mshould normalize ApiError[32m 1[2mms[22m[39m
 [32mΓ£ô[39m src/shared/utils/__tests__/error.test.ts[2m > [22mError Utility - Complete Coverage[2m > [22mnormalizeApiError()[2m > [22mshould normalize Error with status[32m 1[2mms[22m[39m
 [32mΓ£ô[39m src/shared/utils/__tests__/error.test.ts[2m > [22mError Utility - Complete Coverage[2m > [22mnormalizeApiError()[2m > [22mshould normalize string error[32m 1[2mms[22m[39m
 [32mΓ£ô[39m src/shared/utils/__tests__/error.test.ts[2m > [22mError Utility - Complete Coverage[2m > [22mnormalizeApiError()[2m > [22mshould normalize ApiErrorResponse[32m 1[2mms[22m[39m
 [32mΓ£ô[39m src/shared/utils/__tests__/error.test.ts[2m > [22mError Utility - Complete Coverage[2m > [22mnormalizeApiError()[2m > [22mshould handle null[32m 1[2mms[22m[39m
 [32mΓ£ô[39m src/shared/utils/__tests__/error.test.ts[2m > [22mError Utility - Complete Coverage[2m > [22merrorLogger[2m > [22mshould be defined[32m 1[2mms[22m[39m
 [32mΓ£ô[39m src/shared/utils/__tests__/error.test.ts[2m > [22mError Utility - Complete Coverage[2m > [22merrorLogger[2m > [22mshould have log method[32m 1[2mms[22m[39m
 [32mΓ£ô[39m src/shared/utils/__tests__/error.test.ts[2m > [22mError Utility - Complete Coverage[2m > [22merrorLogger[2m > [22mshould log error without throwing[32m 19[2mms[22m[39m
 [32mΓ£ô[39m src/shared/utils/__tests__/error.test.ts[2m > [22mError Utility - Complete Coverage[2m > [22merrorLogger[2m > [22mshould have getRecentErrors method[32m 3[2mms[22m[39m
 [32mΓ£ô[39m src/shared/utils/__tests__/error.test.ts[2m > [22mError Utility - Complete Coverage[2m > [22merrorLogger[2m > [22mshould return recent errors[32m 2[2mms[22m[39m
 [32mΓ£ô[39m src/shared/utils/__tests__/error.test.ts[2m > [22mError Utility - Complete Coverage[2m > [22merrorLogger[2m > [22mshould have clear method[32m 1[2mms[22m[39m
 [32mΓ£ô[39m src/shared/utils/__tests__/error.test.ts[2m > [22mError Utility - Complete Coverage[2m > [22merrorLogger[2m > [22mshould clear errors without throwing[32m 3[2mms[22m[39m
 [32mΓ£ô[39m src/shared/utils/__tests__/error.test.ts[2m > [22mError Utility - Complete Coverage[2m > [22museErrorBoundary hook[2m > [22mshould initialize with no error[32m 28[2mms[22m[39m
 [32mΓ£ô[39m src/shared/utils/__tests__/error.test.ts[2m > [22mError Utility - Complete Coverage[2m > [22museErrorBoundary hook[2m > [22mshould set error when showBoundary is called[32m 6[2mms[22m[39m
 [32mΓ£ô[39m src/shared/utils/__tests__/error.test.ts[2m > [22mError Utility - Complete Coverage[2m > [22museErrorBoundary hook[2m > [22mshould reset error when resetBoundary is called[32m 8[2mms[22m[39m
 [32mΓ£ô[39m src/shared/utils/__tests__/error.test.ts[2m > [22mError Utility - Complete Coverage[2m > [22museErrorBoundary hook[2m > [22mshould call onError callback when error is set[32m 6[2mms[22m[39m
 [32mΓ£ô[39m src/shared/utils/__tests__/error.test.ts[2m > [22mError Utility - Complete Coverage[2m > [22museErrorBoundary hook[2m > [22mshould call onReset callback when error is reset[32m 5[2mms[22m[39m
 [32mΓ£ô[39m src/shared/utils/__tests__/error.test.ts[2m > [22mError Utility - Complete Coverage[2m > [22museErrorBoundary hook[2m > [22mshould handle multiple error/reset cycles[32m 5[2mms[22m[39m
 [32mΓ£ô[39m src/shared/utils/__tests__/error.test.ts[2m > [22mError Utility - Complete Coverage[2m > [22museErrorBoundary hook[2m > [22mshould handle null error passed to showBoundary[32m 4[2mms[22m[39m
 [32mΓ£ô[39m src/shared/utils/__tests__/error.test.ts[2m > [22mError Utility - Complete Coverage[2m > [22medge cases[2m > [22mshould handle circular reference in error data[32m 1[2mms[22m[39m
 [32mΓ£ô[39m src/shared/utils/__tests__/error.test.ts[2m > [22mError Utility - Complete Coverage[2m > [22medge cases[2m > [22mshould handle very large status codes[32m 1[2mms[22m[39m
 [32mΓ£ô[39m src/shared/utils/__tests__/error.test.ts[2m > [22mError Utility - Complete Coverage[2m > [22medge cases[2m > [22mshould handle negative status codes[32m 0[2mms[22m[39m
 [32mΓ£ô[39m src/shared/utils/__tests__/error.test.ts[2m > [22mError Utility - Complete Coverage[2m > [22medge cases[2m > [22mshould handle error with very long message[32m 0[2mms[22m[39m
 [32mΓ£ô[39m src/shared/utils/__tests__/error.test.ts[2m > [22mError Utility - Complete Coverage[2m > [22medge cases[2m > [22mshould handle error with special characters[32m 0[2mms[22m[39m
 [32mΓ£ô[39m src/shared/utils/__tests__/error.test.ts[2m > [22mError Utility - Complete Coverage[2m > [22medge cases[2m > [22mshould handle error with unicode characters[32m 1[2mms[22m[39m
 [32mΓ£ô[39m src/shared/utils/__tests__/error.test.ts[2m > [22mError Utility - Complete Coverage[2m > [22medge cases[2m > [22mshould handle empty object as error[32m 0[2mms[22m[39m
 [32mΓ£ô[39m src/shared/utils/__tests__/error.test.ts[2m > [22mError Utility - Complete Coverage[2m > [22medge cases[2m > [22mshould handle array as error[32m 0[2mms[22m[39m
 [32mΓ£ô[39m src/shared/utils/__tests__/error.test.ts[2m > [22mError Utility - Complete Coverage[2m > [22medge cases[2m > [22mshould handle number as error[32m 0[2mms[22m[39m
 [32mΓ£ô[39m src/shared/utils/__tests__/error.test.ts[2m > [22mError Utility - Complete Coverage[2m > [22medge cases[2m > [22mshould handle boolean as error[32m 0[2mms[22m[39m
[90mstdout[2m | src/shared/utils/__tests__/validation.test.ts
[22m[39mΓä╣∩╕Å [2025-10-18T17:54:17.194Z] INFO: Enhanced Logger initialized { environment: [32m'test'[39m }

 [32mΓ£ô[39m src/shared/utils/__tests__/validation.test.ts[2m > [22mValidation Regex Patterns[2m > [22mEMAIL_REGEX[2m > [22mshould match valid email addresses[32m 3[2mms[22m[39m
 [32mΓ£ô[39m src/shared/utils/__tests__/validation.test.ts[2m > [22mValidation Regex Patterns[2m > [22mEMAIL_REGEX[2m > [22mshould reject invalid email addresses[32m 1[2mms[22m[39m
 [32mΓ£ô[39m src/shared/utils/__tests__/validation.test.ts[2m > [22mValidation Regex Patterns[2m > [22mSTRONG_PASSWORD_REGEX[2m > [22mshould match strong passwords[32m 1[2mms[22m[39m
 [32mΓ£ô[39m src/shared/utils/__tests__/validation.test.ts[2m > [22mValidation Regex Patterns[2m > [22mSTRONG_PASSWORD_REGEX[2m > [22mshould reject weak passwords[32m 0[2mms[22m[39m
 [32mΓ£ô[39m src/shared/utils/__tests__/validation.test.ts[2m > [22mValidation Regex Patterns[2m > [22mPHONE_REGEX[2m > [22mshould match valid phone numbers[32m 1[2mms[22m[39m
 [32mΓ£ô[39m src/shared/utils/__tests__/validation.test.ts[2m > [22mValidation Regex Patterns[2m > [22mPHONE_REGEX[2m > [22mshould reject invalid phone numbers[32m 0[2mms[22m[39m
 [32mΓ£ô[39m src/shared/utils/__tests__/validation.test.ts[2m > [22mValidation Regex Patterns[2m > [22mURL_REGEX[2m > [22mshould match valid URLs[32m 1[2mms[22m[39m
 [32mΓ£ô[39m src/shared/utils/__tests__/validation.test.ts[2m > [22mValidation Regex Patterns[2m > [22mURL_REGEX[2m > [22mshould reject invalid URLs[32m 0[2mms[22m[39m
 [32mΓ£ô[39m src/shared/utils/__tests__/validation.test.ts[2m > [22mvalidateField[2m > [22mRequired validation[2m > [22mshould pass for non-empty values[32m 1[2mms[22m[39m
 [32mΓ£ô[39m src/shared/utils/__tests__/validation.test.ts[2m > [22mvalidateField[2m > [22mRequired validation[2m > [22mshould fail for empty values[32m 0[2mms[22m[39m
 [32mΓ£ô[39m src/shared/utils/__tests__/validation.test.ts[2m > [22mvalidateField[2m > [22mMinLength validation[2m > [22mshould pass for values >= minLength[32m 0[2mms[22m[39m
 [32mΓ£ô[39m src/shared/utils/__tests__/validation.test.ts[2m > [22mvalidateField[2m > [22mMinLength validation[2m > [22mshould fail for values < minLength[32m 1[2mms[22m[39m
 [32mΓ£ô[39m src/shared/utils/__tests__/validation.test.ts[2m > [22mvalidateField[2m > [22mMinLength validation[2m > [22mshould skip validation for empty values when not required[32m 0[2mms[22m[39m
 [32mΓ£ô[39m src/shared/utils/__tests__/validation.test.ts[2m > [22mvalidateField[2m > [22mMaxLength validation[2m > [22mshould pass for values <= maxLength[32m 0[2mms[22m[39m
 [32mΓ£ô[39m src/shared/utils/__tests__/validation.test.ts[2m > [22mvalidateField[2m > [22mMaxLength validation[2m > [22mshould fail for values > maxLength[32m 0[2mms[22m[39m
 [32mΓ£ô[39m src/shared/utils/__tests__/validation.test.ts[2m > [22mvalidateField[2m > [22mPattern validation[2m > [22mshould pass for matching patterns[32m 1[2mms[22m[39m
 [32mΓ£ô[39m src/shared/utils/__tests__/validation.test.ts[2m > [22mvalidateField[2m > [22mPattern validation[2m > [22mshould fail for non-matching patterns[32m 0[2mms[22m[39m
 [32mΓ£ô[39m src/shared/utils/__tests__/validation.test.ts[2m > [22mvalidateField[2m > [22mCustom validation[2m > [22mshould pass custom validation[32m 0[2mms[22m[39m
 [32mΓ£ô[39m src/shared/utils/__tests__/validation.test.ts[2m > [22mvalidateField[2m > [22mCustom validation[2m > [22mshould fail custom validation[32m 0[2mms[22m[39m
 [32mΓ£ô[39m src/shared/utils/__tests__/validation.test.ts[2m > [22mvalidateField[2m > [22mCombined validations[2m > [22mshould pass all validations[32m 0[2mms[22m[39m
 [32mΓ£ô[39m src/shared/utils/__tests__/validation.test.ts[2m > [22mvalidateField[2m > [22mCombined validations[2m > [22mshould fail on first violation[32m 0[2mms[22m[39m
 [32mΓ£ô[39m src/shared/utils/__tests__/validation.test.ts[2m > [22mvalidateForm[2m > [22mshould validate all fields in form and return no errors for valid data[32m 2[2mms[22m[39m
 [32mΓ£ô[39m src/shared/utils/__tests__/validation.test.ts[2m > [22mvalidateForm[2m > [22mshould return errors for invalid fields[32m 0[2mms[22m[39m
 [32mΓ£ô[39m src/shared/utils/__tests__/validation.test.ts[2m > [22mvalidateForm[2m > [22mshould skip validation for fields without rules[32m 0[2mms[22m[39m
 [32mΓ£ô[39m src/shared/utils/__tests__/validation.test.ts[2m > [22mvalidateForm[2m > [22mshould handle empty form state[32m 0[2mms[22m[39m
 [32mΓ£ô[39m src/shared/utils/__tests__/validation.test.ts[2m > [22mvalidateForm[2m > [22mshould validate custom validation rules[32m 0[2mms[22m[39m
 [32mΓ£ô[39m src/shared/utils/__tests__/validation.test.ts[2m > [22mValidationRules[2m > [22mshould have email validation rule with pattern[32m 0[2mms[22m[39m
 [32mΓ£ô[39m src/shared/utils/__tests__/validation.test.ts[2m > [22mValidationRules[2m > [22mshould have basic password validation rule[32m 0[2mms[22m[39m
 [32mΓ£ô[39m src/shared/utils/__tests__/validation.test.ts[2m > [22mValidationRules[2m > [22mshould have strong password validation rule with pattern[32m 0[2mms[22m[39m
 [32mΓ£ô[39m src/shared/utils/__tests__/validation.test.ts[2m > [22mValidationRules[2m > [22mshould have phone validation rule[32m 0[2mms[22m[39m
 [32mΓ£ô[39m src/shared/utils/__tests__/validation.test.ts[2m > [22mValidationRules[2m > [22mshould have URL validation rule[32m 0[2mms[22m[39m
 [32mΓ£ô[39m src/shared/utils/__tests__/validation.test.ts[2m > [22mValidationRules[2m > [22mshould have required validation rule[32m 0[2mms[22m[39m
 [32mΓ£ô[39m src/shared/utils/__tests__/validation.test.ts[2m > [22mhasFormErrors[2m > [22mshould return true when form has errors[32m 0[2mms[22m[39m
 [32mΓ£ô[39m src/shared/utils/__tests__/validation.test.ts[2m > [22mhasFormErrors[2m > [22mshould return false when form has no errors[32m 0[2mms[22m[39m
 [32mΓ£ô[39m src/shared/utils/__tests__/validation.test.ts[2m > [22misFormValid[2m > [22mshould return true when form is valid[32m 0[2mms[22m[39m
 [32mΓ£ô[39m src/shared/utils/__tests__/validation.test.ts[2m > [22misFormValid[2m > [22mshould return false when form is invalid[32m 0[2mms[22m[39m
 [32mΓ£ô[39m src/shared/utils/__tests__/validation.test.ts[2m > [22mValidation Edge Cases[2m > [22mshould handle null and undefined values[32m 0[2mms[22m[39m
 [32mΓ£ô[39m src/shared/utils/__tests__/validation.test.ts[2m > [22mValidation Edge Cases[2m > [22mshould handle numeric values[32m 0[2mms[22m[39m
 [32mΓ£ô[39m src/shared/utils/__tests__/validation.test.ts[2m > [22mValidation Edge Cases[2m > [22mshould handle boolean values[32m 0[2mms[22m[39m
 [32mΓ£ô[39m src/shared/utils/__tests__/validation.test.ts[2m > [22mValidation Edge Cases[2m > [22mshould trim whitespace for string validation[32m 0[2mms[22m[39m
 [32mΓ£ô[39m src/shared/utils/__tests__/validation.test.ts[2m > [22mValidation Edge Cases[2m > [22mshould handle multiple validation failures[32m 0[2mms[22m[39m
[90mstdout[2m | src/lib/api/__tests__/client.retry.test.ts[2m > [22m[2mApiClient - Retry Logic[2m > [22m[2mExponential Backoff[2m > [22m[2mshould retry on network errors (fetch failures)
[22m[39mΓä╣∩╕Å [2025-10-18T17:54:17.349Z] INFO: [API] GET http://localhost:8001/api/v1/test { body: [90mundefined[39m, headers: { [32m'Content-Type'[39m: [32m'application/json'[39m } }

[90mstdout[2m | src/lib/api/__tests__/client.retry.test.ts[2m > [22m[2mApiClient - Retry Logic[2m > [22m[2mExponential Backoff[2m > [22m[2mshould retry on network errors (fetch failures)
[22m[39mΓä╣∩╕Å [2025-10-18T17:54:17.350Z] INFO: [API] Response 200  { url: [32m'http://localhost:8001/api/v1/test'[39m, status: [33m200[39m, ok: [33mtrue[39m }

[90mstdout[2m | src/lib/api/__tests__/client.retry.test.ts[2m > [22m[2mApiClient - Retry Logic[2m > [22m[2mMax Retry Limit[2m > [22m[2mshould stop retrying after max retries (3) and throw error
[22m[39mΓä╣∩╕Å [2025-10-18T17:54:17.353Z] INFO: [API] GET http://localhost:8001/api/v1/test { body: [90mundefined[39m, headers: { [32m'Content-Type'[39m: [32m'application/json'[39m } }

[90mstdout[2m | src/lib/api/__tests__/client.retry.test.ts[2m > [22m[2mApiClient - Retry Logic[2m > [22m[2mMax Retry Limit[2m > [22m[2mshould stop retrying after max retries (3) and throw error
[22m[39mΓä╣∩╕Å [2025-10-18T17:54:17.354Z] INFO: [API] Response 500  { url: [32m'http://localhost:8001/api/v1/test'[39m, status: [33m500[39m, ok: [33mfalse[39m }

[90mstdout[2m | src/lib/api/__tests__/client.retry.test.ts[2m > [22m[2mApiClient - Retry Logic[2m > [22m[2mMax Retry Limit[2m > [22m[2mshould stop retrying after max retries (3) and throw error
[22m[39mΓä╣∩╕Å [2025-10-18T17:54:17.355Z] INFO: [API] Error normalization {
  errorPayload: { error: [32m'Internal Server Error'[39m },
  normalized: {
    status: [33m500[39m,
    message: [32m'HTTP 500'[39m,
    code: [32m'INTERNAL_SERVER_ERROR'[39m,
    detail: [90mundefined[39m,
    details: [90mundefined[39m,
    errors: [90mundefined[39m,
    timestamp: [32m'2025-10-18T17:54:17.355Z'[39m
  },
  extractedCode: [32m'INTERNAL_SERVER_ERROR'[39m
}

[90mstderr[2m | src/lib/api/__tests__/client.retry.test.ts[2m > [22m[2mApiClient - Retry 
Logic[2m > [22m[2mMax Retry Limit[2m > [22m[2mshould stop retrying after max retries (3) 
and throw error
[22m[39mΓÜá∩╕Å [2025-10-18T17:54:17.355Z] WARN: [API] Retry 1/3 for GET /test after 1000ms { 
error: [32m'HTTP 500'[39m, statusCode: [33m500[39m, attempt: [33m1[39m, delay: 
[33m1000[39m }

 [32mΓ£ô[39m src/lib/api/__tests__/client.retry.test.ts[2m > [22mApiClient - Retry Logic[2m > [22mExponential Backoff[2m > [22mshould retry on network errors (fetch failures)[33m 1019[2mms[22m[39m
[90mstdout[2m | src/hooks/__tests__/useErrorHandler.test.ts
[22m[39mΓä╣∩╕Å [2025-10-18T17:54:17.797Z] INFO: Enhanced Logger initialized { environment: [32m'test'[39m }

[90mstdout[2m | src/hooks/__tests__/useErrorHandler.test.ts
[22m[39mΓä╣∩╕Å [2025-10-18T17:54:17.807Z] INFO: [Error Logger] Debug interface available at window.errorLogger 

[90mstderr[2m | src/hooks/__tests__/useErrorHandler.test.ts[2m > [22m[2museErrorHandler[2m 
> [22m[2mhandles errors via handleError and logs context
[22m[39mΓ¥î [2025-10-18T17:54:17.861Z] ERROR: [useErrorHandler] Error: Test error
    at [90mD:\code\reactjs\user_mn_ui\[39msrc\hooks\__tests__\useErrorHandler.test.ts:16:44
    at [90mD:\code\reactjs\user_mn_ui\[39mnode_modules\[4m@testing-library[24m\react\dist\act-
compat.js:48:24
    at process.env.NODE_ENV.exports.act [90m(D:\code\reactjs\user_mn_ui\[39mnode_modules\[4mrea
ct[24m\cjs\react.development.js:814:22[90m)[39m
    at [90mD:\code\reactjs\user_mn_ui\[39mnode_modules\[4m@testing-library[24m\react\dist\act-
compat.js:47:25
    at [90mD:\code\reactjs\user_mn_ui\[39msrc\hooks\__tests__\useErrorHandler.test.ts:16:5
    at [90mfile:///D:/code/reactjs/user_mn_ui/[39mnode_modules/[4m@vitest[24m/runner/dist/chun
k-hooks.js:155:11
    at [90mfile:///D:/code/reactjs/user_mn_ui/[39mnode_modules/[4m@vitest[24m/runner/dist/chun
k-hooks.js:752:26
    at [90mfile:///D:/code/reactjs/user_mn_ui/[39mnode_modules/[4m@vitest[24m/runner/dist/chun
k-hooks.js:1897:20
    at new Promise (<anonymous>)
    at runWithTimeout [90m(file:///D:/code/reactjs/user_mn_ui/[39mnode_modules/[4m@vitest[24m/
runner/dist/chunk-hooks.js:1863:10[90m)[39m

[90mstderr[2m | src/hooks/__tests__/useErrorHandler.test.ts[2m > [22m[2museErrorHandler[2m 
> [22m[2mflags authentication errors
[22m[39mΓ¥î [2025-10-18T17:54:17.883Z] ERROR: [useErrorHandler] Error: [object Object]
    at Object.handleError 
[90m(D:\code\reactjs\user_mn_ui\[39msrc\hooks\errors\useErrorHandler.ts:57:70[90m)[39m
    at [90mD:\code\reactjs\user_mn_ui\[39msrc\hooks\__tests__\useErrorHandler.test.ts:52:32
    at [90mD:\code\reactjs\user_mn_ui\[39mnode_modules\[4m@testing-library[24m\react\dist\act-
compat.js:48:24
    at process.env.NODE_ENV.exports.act [90m(D:\code\reactjs\user_mn_ui\[39mnode_modules\[4mrea
ct[24m\cjs\react.development.js:814:22[90m)[39m
    at [90mD:\code\reactjs\user_mn_ui\[39mnode_modules\[4m@testing-library[24m\react\dist\act-
compat.js:47:25
    at [90mD:\code\reactjs\user_mn_ui\[39msrc\hooks\__tests__\useErrorHandler.test.ts:52:5
    at [90mfile:///D:/code/reactjs/user_mn_ui/[39mnode_modules/[4m@vitest[24m/runner/dist/chun
k-hooks.js:155:11
    at [90mfile:///D:/code/reactjs/user_mn_ui/[39mnode_modules/[4m@vitest[24m/runner/dist/chun
k-hooks.js:752:26
    at [90mfile:///D:/code/reactjs/user_mn_ui/[39mnode_modules/[4m@vitest[24m/runner/dist/chun
k-hooks.js:1897:20
    at new Promise (<anonymous>)

 [32mΓ£ô[39m src/hooks/__tests__/useErrorHandler.test.ts[2m > [22museErrorHandler[2m > [22mhandles errors via handleError and logs context[32m 39[2mms[22m[39m
 [32mΓ£ô[39m src/hooks/__tests__/useErrorHandler.test.ts[2m > [22museErrorHandler[2m > [22mclears error state correctly[32m 6[2mms[22m[39m
 [32mΓ£ô[39m src/hooks/__tests__/useErrorHandler.test.ts[2m > [22museErrorHandler[2m > [22mflags authentication errors[32m 9[2mms[22m[39m
[90mstdout[2m | src/lib/api/__tests__/client.retry.test.ts[2m > [22m[2mApiClient - Retry Logic[2m > [22m[2mMax Retry Limit[2m > [22m[2mshould stop retrying after max retries (3) and throw error
[22m[39mΓä╣∩╕Å [2025-10-18T17:54:18.364Z] INFO: [API] GET http://localhost:8001/api/v1/test { body: [90mundefined[39m, headers: { [32m'Content-Type'[39m: [32m'application/json'[39m } }

[90mstdout[2m | src/lib/api/__tests__/client.retry.test.ts[2m > [22m[2mApiClient - Retry Logic[2m > [22m[2mMax Retry Limit[2m > [22m[2mshould stop retrying after max retries (3) and throw error
[22m[39mΓä╣∩╕Å [2025-10-18T17:54:18.364Z] INFO: [API] Response 500  { url: [32m'http://localhost:8001/api/v1/test'[39m, status: [33m500[39m, ok: [33mfalse[39m }

[90mstdout[2m | src/lib/api/__tests__/client.retry.test.ts[2m > [22m[2mApiClient - Retry Logic[2m > [22m[2mMax Retry Limit[2m > [22m[2mshould stop retrying after max retries (3) and throw error
[22m[39mΓä╣∩╕Å [2025-10-18T17:54:18.365Z] INFO: [API] Error normalization {
  errorPayload: { error: [32m'Internal Server Error'[39m },
  normalized: {
    status: [33m500[39m,
    message: [32m'HTTP 500'[39m,
    code: [32m'INTERNAL_SERVER_ERROR'[39m,
    detail: [90mundefined[39m,
    details: [90mundefined[39m,
    errors: [90mundefined[39m,
    timestamp: [32m'2025-10-18T17:54:18.365Z'[39m
  },
  extractedCode: [32m'INTERNAL_SERVER_ERROR'[39m
}

[90mstderr[2m | src/lib/api/__tests__/client.retry.test.ts[2m > [22m[2mApiClient - Retry 
Logic[2m > [22m[2mMax Retry Limit[2m > [22m[2mshould stop retrying after max retries (3) 
and throw error
[22m[39mΓÜá∩╕Å [2025-10-18T17:54:18.365Z] WARN: [API] Retry 2/3 for GET /test after 2000ms { 
error: [32m'HTTP 500'[39m, statusCode: [33m500[39m, attempt: [33m2[39m, delay: 
[33m2000[39m }

 [32mΓ£ô[39m src/shared/utils/__tests__/sanitization.test.ts[2m > [22msanitization utilities[2m > [22msanitizeHTML[2m > [22mshould remove script tags[32m 15[2mms[22m[39m
 [32mΓ£ô[39m src/shared/utils/__tests__/sanitization.test.ts[2m > [22msanitization utilities[2m > [22msanitizeHTML[2m > [22mshould remove dangerous event handlers[32m 6[2mms[22m[39m
 [32mΓ£ô[39m src/shared/utils/__tests__/sanitization.test.ts[2m > [22msanitization utilities[2m > [22msanitizeHTML[2m > [22mshould allow safe tags[32m 5[2mms[22m[39m
 [32mΓ£ô[39m src/shared/utils/__tests__/sanitization.test.ts[2m > [22msanitization utilities[2m > [22msanitizeHTML[2m > [22mshould handle empty input[32m 3[2mms[22m[39m
 [32mΓ£ô[39m src/shared/utils/__tests__/sanitization.test.ts[2m > [22msanitization utilities[2m > [22msanitizeHTML[2m > [22mshould respect custom allowed tags[32m 3[2mms[22m[39m
 [32mΓ£ô[39m src/shared/utils/__tests__/sanitization.test.ts[2m > [22msanitization utilities[2m > [22msanitizeInput[2m > [22mshould remove HTML tags[32m 1[2mms[22m[39m
 [32mΓ£ô[39m src/shared/utils/__tests__/sanitization.test.ts[2m > [22msanitization utilities[2m > [22msanitizeInput[2m > [22mshould trim whitespace[32m 0[2mms[22m[39m
 [32mΓ£ô[39m src/shared/utils/__tests__/sanitization.test.ts[2m > [22msanitization utilities[2m > [22msanitizeInput[2m > [22mshould limit length[32m 1[2mms[22m[39m
 [32mΓ£ô[39m src/shared/utils/__tests__/sanitization.test.ts[2m > [22msanitization utilities[2m > [22msanitizeInput[2m > [22mshould remove null bytes[32m 1[2mms[22m[39m
 [32mΓ£ô[39m src/shared/utils/__tests__/sanitization.test.ts[2m > [22msanitization utilities[2m > [22msanitizeInput[2m > [22mshould handle empty input[32m 1[2mms[22m[39m
 [32mΓ£ô[39m src/shared/utils/__tests__/sanitization.test.ts[2m > [22msanitization utilities[2m > [22msanitizeEmail[2m > [22mshould accept valid emails[32m 1[2mms[22m[39m
 [32mΓ£ô[39m src/shared/utils/__tests__/sanitization.test.ts[2m > [22msanitization utilities[2m > [22msanitizeEmail[2m > [22mshould convert to lowercase[32m 0[2mms[22m[39m
 [32mΓ£ô[39m src/shared/utils/__tests__/sanitization.test.ts[2m > [22msanitization utilities[2m > [22msanitizeEmail[2m > [22mshould reject invalid emails[32m 0[2mms[22m[39m
 [32mΓ£ô[39m src/shared/utils/__tests__/sanitization.test.ts[2m > [22msanitization utilities[2m > [22msanitizeEmail[2m > [22mshould remove script tags from email[32m 0[2mms[22m[39m
 [32mΓ£ô[39m src/shared/utils/__tests__/sanitization.test.ts[2m > [22msanitization utilities[2m > [22msanitizeURL[2m > [22mshould accept valid HTTPS URLs[32m 1[2mms[22m[39m
 [32mΓ£ô[39m src/shared/utils/__tests__/sanitization.test.ts[2m > [22msanitization utilities[2m > [22msanitizeURL[2m > [22mshould accept valid HTTP URLs[32m 1[2mms[22m[39m
 [32mΓ£ô[39m src/shared/utils/__tests__/sanitization.test.ts[2m > [22msanitization utilities[2m > [22msanitizeURL[2m > [22mshould block javascript: protocol[32m 0[2mms[22m[39m
 [32mΓ£ô[39m src/shared/utils/__tests__/sanitization.test.ts[2m > [22msanitization utilities[2m > [22msanitizeURL[2m > [22mshould block data: protocol by default[32m 0[2mms[22m[39m
 [32mΓ£ô[39m src/shared/utils/__tests__/sanitization.test.ts[2m > [22msanitization utilities[2m > [22msanitizeURL[2m > [22mshould handle invalid URLs[32m 1[2mms[22m[39m
 [32mΓ£ô[39m src/shared/utils/__tests__/sanitization.test.ts[2m > [22msanitization utilities[2m > [22msanitizeURL[2m > [22mshould respect custom allowed protocols[32m 0[2mms[22m[39m
 [32mΓ£ô[39m src/shared/utils/__tests__/sanitization.test.ts[2m > [22msanitization utilities[2m > [22msanitizeFilename[2m > [22mshould remove path traversal attempts[32m 0[2mms[22m[39m
 [32mΓ£ô[39m src/shared/utils/__tests__/sanitization.test.ts[2m > [22msanitization utilities[2m > [22msanitizeFilename[2m > [22mshould remove path separators[32m 0[2mms[22m[39m
 [32mΓ£ô[39m src/shared/utils/__tests__/sanitization.test.ts[2m > [22msanitization utilities[2m > [22msanitizeFilename[2m > [22mshould limit length[32m 0[2mms[22m[39m
 [32mΓ£ô[39m src/shared/utils/__tests__/sanitization.test.ts[2m > [22msanitization utilities[2m > [22msanitizeFilename[2m > [22mshould handle valid filenames[32m 0[2mms[22m[39m
 [32mΓ£ô[39m src/shared/utils/__tests__/sanitization.test.ts[2m > [22msanitization utilities[2m > [22msanitizeJSON[2m > [22mshould parse valid JSON[32m 1[2mms[22m[39m
 [32mΓ£ô[39m src/shared/utils/__tests__/sanitization.test.ts[2m > [22msanitization utilities[2m > [22msanitizeJSON[2m > [22mshould prevent prototype pollution[32m 1[2mms[22m[39m
 [32mΓ£ô[39m src/shared/utils/__tests__/sanitization.test.ts[2m > [22msanitization utilities[2m > [22msanitizeJSON[2m > [22mshould remove constructor property[32m 0[2mms[22m[39m
 [32mΓ£ô[39m src/shared/utils/__tests__/sanitization.test.ts[2m > [22msanitization utilities[2m > [22msanitizeJSON[2m > [22mshould return null for invalid JSON[32m 0[2mms[22m[39m
 [32mΓ£ô[39m src/shared/utils/__tests__/sanitization.test.ts[2m > [22msanitization utilities[2m > [22msanitizeJSON[2m > [22mshould handle empty objects[32m 0[2mms[22m[39m
[90mstdout[2m | src/lib/api/__tests__/client.retry.test.ts[2m > [22m[2mApiClient - Retry Logic[2m > [22m[2mMax Retry Limit[2m > [22m[2mshould stop retrying after max retries (3) and throw error
[22m[39mΓä╣∩╕Å [2025-10-18T17:54:20.376Z] INFO: [API] GET http://localhost:8001/api/v1/test { body: [90mundefined[39m, headers: { [32m'Content-Type'[39m: [32m'application/json'[39m } }

[90mstdout[2m | src/lib/api/__tests__/client.retry.test.ts[2m > [22m[2mApiClient - Retry Logic[2m > [22m[2mMax Retry Limit[2m > [22m[2mshould stop retrying after max retries (3) and throw error
[22m[39mΓä╣∩╕Å [2025-10-18T17:54:20.377Z] INFO: [API] Response 500  { url: [32m'http://localhost:8001/api/v1/test'[39m, status: [33m500[39m, ok: [33mfalse[39m }

[90mstdout[2m | src/lib/api/__tests__/client.retry.test.ts[2m > [22m[2mApiClient - Retry Logic[2m > [22m[2mMax Retry Limit[2m > [22m[2mshould stop retrying after max retries (3) and throw error
[22m[39mΓä╣∩╕Å [2025-10-18T17:54:20.378Z] INFO: [API] Error normalization {
  errorPayload: { error: [32m'Internal Server Error'[39m },
  normalized: {
    status: [33m500[39m,
    message: [32m'HTTP 500'[39m,
    code: [32m'INTERNAL_SERVER_ERROR'[39m,
    detail: [90mundefined[39m,
    details: [90mundefined[39m,
    errors: [90mundefined[39m,
    timestamp: [32m'2025-10-18T17:54:20.378Z'[39m
  },
  extractedCode: [32m'INTERNAL_SERVER_ERROR'[39m
}

[90mstderr[2m | src/lib/api/__tests__/client.retry.test.ts[2m > [22m[2mApiClient - Retry 
Logic[2m > [22m[2mMax Retry Limit[2m > [22m[2mshould stop retrying after max retries (3) 
and throw error
[22m[39mΓÜá∩╕Å [2025-10-18T17:54:20.379Z] WARN: [API] Retry 3/3 for GET /test after 4000ms { 
error: [32m'HTTP 500'[39m, statusCode: [33m500[39m, attempt: [33m3[39m, delay: 
[33m4000[39m }

[90mstdout[2m | src/shared/utils/__tests__/performance-optimizations.test.ts
[22m[39mΓä╣∩╕Å [2025-10-18T17:54:22.787Z] INFO: Enhanced Logger initialized { environment: [32m'test'[39m }

[90mstdout[2m | src/shared/utils/__tests__/performance-optimizations.test.ts[2m > [22m[2mreportWebVitals[2m > [22m[2mshould handle metric reporting without errors
[22m[39mΓä╣∩╕Å [2025-10-18T17:54:22.826Z] INFO: [Web Vitals] {
  metric: [32m'CLS'[39m,
  value: [33m0.1[39m,
  id: [32m'test-id'[39m,
  delta: [33m0.05[39m,
  rating: [90mundefined[39m
}

[90mstdout[2m | src/shared/utils/__tests__/performance-optimizations.test.ts[2m > [22m[2mreportWebVitals[2m > [22m[2mshould handle different metric types
[22m[39mΓä╣∩╕Å [2025-10-18T17:54:22.827Z] INFO: [Web Vitals] {
  metric: [32m'FCP'[39m,
  value: [33m1200[39m,
  id: [32m'fcp-1'[39m,
  delta: [33m100[39m,
  rating: [90mundefined[39m
}
Γä╣∩╕Å [2025-10-18T17:54:22.827Z] INFO: [Web Vitals] {
  metric: [32m'LCP'[39m,
  value: [33m2400[39m,
  id: [32m'lcp-1'[39m,
  delta: [33m200[39m,
  rating: [90mundefined[39m
}
Γä╣∩╕Å [2025-10-18T17:54:22.828Z] INFO: [Web Vitals] { metric: [32m'FID'[39m, value: [33m50[39m, id: [32m'fid-1'[39m, delta: [33m10[39m, rating: [90mundefined[39m }

 [32mΓ£ô[39m src/shared/utils/__tests__/performance-optimizations.test.ts[2m > [22mResource Optimization[2m > [22mpreconnectToOrigin[2m > [22mshould create preconnect link when document exists[32m 3[2mms[22m[39m
 [32mΓ£ô[39m src/shared/utils/__tests__/performance-optimizations.test.ts[2m > [22mResource Optimization[2m > [22mpreconnectToOrigin[2m > [22mshould handle server-side rendering gracefully[32m 2[2mms[22m[39m
 [32mΓ£ô[39m src/shared/utils/__tests__/performance-optimizations.test.ts[2m > [22mResource Optimization[2m > [22mgenerateSrcSet[2m > [22mshould generate correct srcset string[32m 1[2mms[22m[39m
 [32mΓ£ô[39m src/shared/utils/__tests__/performance-optimizations.test.ts[2m > [22mResource Optimization[2m > [22mgenerateSrcSet[2m > [22mshould handle single width[32m 0[2mms[22m[39m
 [32mΓ£ô[39m src/shared/utils/__tests__/performance-optimizations.test.ts[2m > [22mResource Optimization[2m > [22mgenerateSrcSet[2m > [22mshould handle empty widths array[32m 0[2mms[22m[39m
 [32mΓ£ô[39m src/shared/utils/__tests__/performance-optimizations.test.ts[2m > [22mLRUCache[2m > [22mshould store and retrieve values[32m 0[2mms[22m[39m
 [32mΓ£ô[39m src/shared/utils/__tests__/performance-optimizations.test.ts[2m > [22mLRUCache[2m > [22mshould return undefined for non-existent keys[32m 0[2mms[22m[39m
 [32mΓ£ô[39m src/shared/utils/__tests__/performance-optimizations.test.ts[2m > [22mLRUCache[2m > [22mshould check if key exists[32m 0[2mms[22m[39m
 [32mΓ£ô[39m src/shared/utils/__tests__/performance-optimizations.test.ts[2m > [22mLRUCache[2m > [22mshould respect max size limit[32m 0[2mms[22m[39m
 [32mΓ£ô[39m src/shared/utils/__tests__/performance-optimizations.test.ts[2m > [22mLRUCache[2m > [22mshould evict least recently used item[32m 0[2mms[22m[39m
 [32mΓ£ô[39m src/shared/utils/__tests__/performance-optimizations.test.ts[2m > [22mLRUCache[2m > [22mshould update existing keys without eviction[32m 0[2mms[22m[39m
 [32mΓ£ô[39m src/shared/utils/__tests__/performance-optimizations.test.ts[2m > [22mLRUCache[2m > [22mshould clear all entries[32m 0[2mms[22m[39m
 [32mΓ£ô[39m src/shared/utils/__tests__/performance-optimizations.test.ts[2m > [22mLRUCache[2m > [22mshould return correct size[32m 0[2mms[22m[39m
 [2m[90mΓåô[39m[22m src/shared/utils/__tests__/performance-optimizations.test.ts[2m > [22museLRUCache[2m > [22mshould create and return LRU cache instance
 [2m[90mΓåô[39m[22m src/shared/utils/__tests__/performance-optimizations.test.ts[2m > [22museDebounce[2m > [22mshould debounce value changes
 [2m[90mΓåô[39m[22m src/shared/utils/__tests__/performance-optimizations.test.ts[2m > [22museThrottle[2m > [22mshould throttle function calls
 [2m[90mΓåô[39m[22m src/shared/utils/__tests__/performance-optimizations.test.ts[2m > [22museIntersectionObserver[2m > [22mshould create intersection observer with options
 [2m[90mΓåô[39m[22m src/shared/utils/__tests__/performance-optimizations.test.ts[2m > [22museIntersectionObserver[2m > [22mshould handle IntersectionObserver not being available
 [32mΓ£ô[39m src/shared/utils/__tests__/performance-optimizations.test.ts[2m > [22mgetNetworkQuality[2m > [22mshould return network quality information[32m 1[2mms[22m[39m
 [32mΓ£ô[39m src/shared/utils/__tests__/performance-optimizations.test.ts[2m > [22mgetNetworkQuality[2m > [22mshould handle missing connection API[32m 0[2mms[22m[39m
 [32mΓ£ô[39m src/shared/utils/__tests__/performance-optimizations.test.ts[2m > [22mreportWebVitals[2m > [22mshould handle metric reporting without errors[32m 1[2mms[22m[39m
 [32mΓ£ô[39m src/shared/utils/__tests__/performance-optimizations.test.ts[2m > [22mreportWebVitals[2m > [22mshould handle different metric types[32m 1[2mms[22m[39m
[90mstdout[2m | src/lib/api/__tests__/client.retry.test.ts[2m > [22m[2mApiClient - Retry Logic[2m > [22m[2mMax Retry Limit[2m > [22m[2mshould stop retrying after max retries (3) and throw error
[22m[39mΓä╣∩╕Å [2025-10-18T17:54:24.385Z] INFO: [API] GET http://localhost:8001/api/v1/test { body: [90mundefined[39m, headers: { [32m'Content-Type'[39m: [32m'application/json'[39m } }

[90mstdout[2m | src/lib/api/__tests__/client.retry.test.ts[2m > [22m[2mApiClient - Retry Logic[2m > [22m[2mMax Retry Limit[2m > [22m[2mshould stop retrying after max retries (3) and throw error
[22m[39mΓä╣∩╕Å [2025-10-18T17:54:24.386Z] INFO: [API] Response 500  { url: [32m'http://localhost:8001/api/v1/test'[39m, status: [33m500[39m, ok: [33mfalse[39m }

[90mstdout[2m | src/lib/api/__tests__/client.retry.test.ts[2m > [22m[2mApiClient - Retry Logic[2m > [22m[2mMax Retry Limit[2m > [22m[2mshould stop retrying after max retries (3) and throw error
[22m[39mΓä╣∩╕Å [2025-10-18T17:54:24.387Z] INFO: [API] Error normalization {
  errorPayload: { error: [32m'Internal Server Error'[39m },
  normalized: {
    status: [33m500[39m,
    message: [32m'HTTP 500'[39m,
    code: [32m'INTERNAL_SERVER_ERROR'[39m,
    detail: [90mundefined[39m,
    details: [90mundefined[39m,
    errors: [90mundefined[39m,
    timestamp: [32m'2025-10-18T17:54:24.387Z'[39m
  },
  extractedCode: [32m'INTERNAL_SERVER_ERROR'[39m
}

[90mstderr[2m | src/lib/api/__tests__/client.retry.test.ts[2m > [22m[2mApiClient - Retry 
Logic[2m > [22m[2mMax Retry Limit[2m > [22m[2mshould stop retrying after max retries (3) 
and throw error
[22m[39mΓÜá∩╕Å [2025-10-18T17:54:24.387Z] WARN: [API] Max retries (3) reached for GET /test {
  error: ApiError: HTTP 500
      at ApiClient._executeRequest 
[90m(D:\code\reactjs\user_mn_ui\[39msrc\lib\api\client.ts:528:13[90m)[39m
      at ApiClient.retryWithBackoff 
[90m(D:\code\reactjs\user_mn_ui\[39msrc\lib\api\client.ts:381:14[90m)[39m
      at [90mD:\code\reactjs\user_mn_ui\[39msrc\lib\api\__tests__\client.retry.test.ts:152:7
      at [90mfile:///D:/code/reactjs/user_mn_ui/[39mnode_modules/[4m@vitest[24m/runner/dist/ch
unk-hooks.js:752:20 {
    status: [33m500[39m,
    code: [32m'INTERNAL_SERVER_ERROR'[39m,
    details: [90mundefined[39m,
    errors: [90mundefined[39m,
    headers: {},
    retryAfterSeconds: [90mundefined[39m,
    timestamp: [32m'2025-10-18T17:54:24.387Z'[39m,
    requestId: [90mundefined[39m,
    payload: { error: [32m'Internal Server Error'[39m }
  }
}

[90mstdout[2m | src/lib/api/__tests__/client.retry.test.ts[2m > [22m[2mApiClient - Retry Logic[2m > [22m[2mMax Retry Limit[2m > [22m[2mshould include error details after max retries
[22m[39mΓä╣∩╕Å [2025-10-18T17:54:24.397Z] INFO: [API] GET http://localhost:8001/api/v1/test { body: [90mundefined[39m, headers: { [32m'Content-Type'[39m: [32m'application/json'[39m } }

[90mstdout[2m | src/lib/api/__tests__/client.retry.test.ts[2m > [22m[2mApiClient - Retry Logic[2m > [22m[2mMax Retry Limit[2m > [22m[2mshould include error details after max retries
[22m[39mΓä╣∩╕Å [2025-10-18T17:54:24.397Z] INFO: [API] Response 503  { url: [32m'http://localhost:8001/api/v1/test'[39m, status: [33m503[39m, ok: [33mfalse[39m }

[90mstdout[2m | src/lib/api/__tests__/client.retry.test.ts[2m > [22m[2mApiClient - Retry Logic[2m > [22m[2mMax Retry Limit[2m > [22m[2mshould include error details after max retries
[22m[39mΓä╣∩╕Å [2025-10-18T17:54:24.398Z] INFO: [API] Error normalization {
  errorPayload: { error: [32m'Service Error'[39m, message: [32m'Server overloaded'[39m },
  normalized: {
    status: [33m503[39m,
    message: [32m'HTTP 503'[39m,
    code: [32m'SERVICE_UNAVAILABLE'[39m,
    detail: [90mundefined[39m,
    details: [90mundefined[39m,
    errors: [90mundefined[39m,
    timestamp: [32m'2025-10-18T17:54:24.398Z'[39m
  },
  extractedCode: [32m'SERVICE_UNAVAILABLE'[39m
}

[90mstderr[2m | src/lib/api/__tests__/client.retry.test.ts[2m > [22m[2mApiClient - Retry 
Logic[2m > [22m[2mMax Retry Limit[2m > [22m[2mshould include error details after max retries
[22m[39mΓÜá∩╕Å [2025-10-18T17:54:24.398Z] WARN: [API] Retry 1/3 for GET /test after 1000ms { 
error: [32m'HTTP 503'[39m, statusCode: [33m503[39m, attempt: [33m1[39m, delay: 
[33m1000[39m }

 [32mΓ£ô[39m src/lib/api/__tests__/client.retry.test.ts[2m > [22mApiClient - Retry Logic[2m > [22mMax Retry Limit[2m > [22mshould stop retrying after max retries (3) and throw error[33m 7044[2mms[22m[39m
[90mstdout[2m | src/lib/api/__tests__/client.retry.test.ts[2m > [22m[2mApiClient - Retry Logic[2m > [22m[2mMax Retry Limit[2m > [22m[2mshould include error details after max retries
[22m[39mΓä╣∩╕Å [2025-10-18T17:54:25.409Z] INFO: [API] GET http://localhost:8001/api/v1/test { body: [90mundefined[39m, headers: { [32m'Content-Type'[39m: [32m'application/json'[39m } }

[90mstdout[2m | src/lib/api/__tests__/client.retry.test.ts[2m > [22m[2mApiClient - Retry Logic[2m > [22m[2mMax Retry Limit[2m > [22m[2mshould include error details after max retries
[22m[39mΓä╣∩╕Å [2025-10-18T17:54:25.411Z] INFO: [API] Response 503  { url: [32m'http://localhost:8001/api/v1/test'[39m, status: [33m503[39m, ok: [33mfalse[39m }

[90mstdout[2m | src/lib/api/__tests__/client.retry.test.ts[2m > [22m[2mApiClient - Retry Logic[2m > [22m[2mMax Retry Limit[2m > [22m[2mshould include error details after max retries
[22m[39mΓä╣∩╕Å [2025-10-18T17:54:25.412Z] INFO: [API] Error normalization {
  errorPayload: { error: [32m'Service Error'[39m, message: [32m'Server overloaded'[39m },
  normalized: {
    status: [33m503[39m,
    message: [32m'HTTP 503'[39m,
    code: [32m'SERVICE_UNAVAILABLE'[39m,
    detail: [90mundefined[39m,
    details: [90mundefined[39m,
    errors: [90mundefined[39m,
    timestamp: [32m'2025-10-18T17:54:25.412Z'[39m
  },
  extractedCode: [32m'SERVICE_UNAVAILABLE'[39m
}

[90mstderr[2m | src/lib/api/__tests__/client.retry.test.ts[2m > [22m[2mApiClient - Retry 
Logic[2m > [22m[2mMax Retry Limit[2m > [22m[2mshould include error details after max retries
[22m[39mΓÜá∩╕Å [2025-10-18T17:54:25.412Z] WARN: [API] Retry 2/3 for GET /test after 2000ms { 
error: [32m'HTTP 503'[39m, statusCode: [33m503[39m, attempt: [33m2[39m, delay: 
[33m2000[39m }

[90mstdout[2m | src/lib/api/__tests__/client.retry.test.ts[2m > [22m[2mApiClient - Retry Logic[2m > [22m[2mMax Retry Limit[2m > [22m[2mshould include error details after max retries
[22m[39mΓä╣∩╕Å [2025-10-18T17:54:27.417Z] INFO: [API] GET http://localhost:8001/api/v1/test { body: [90mundefined[39m, headers: { [32m'Content-Type'[39m: [32m'application/json'[39m } }

[90mstdout[2m | src/lib/api/__tests__/client.retry.test.ts[2m > [22m[2mApiClient - Retry Logic[2m > [22m[2mMax Retry Limit[2m > [22m[2mshould include error details after max retries
[22m[39mΓä╣∩╕Å [2025-10-18T17:54:27.418Z] INFO: [API] Response 503  { url: [32m'http://localhost:8001/api/v1/test'[39m, status: [33m503[39m, ok: [33mfalse[39m }

[90mstdout[2m | src/lib/api/__tests__/client.retry.test.ts[2m > [22m[2mApiClient - Retry Logic[2m > [22m[2mMax Retry Limit[2m > [22m[2mshould include error details after max retries
[22m[39mΓä╣∩╕Å [2025-10-18T17:54:27.418Z] INFO: [API] Error normalization {
  errorPayload: { error: [32m'Service Error'[39m, message: [32m'Server overloaded'[39m },
  normalized: {
    status: [33m503[39m,
    message: [32m'HTTP 503'[39m,
    code: [32m'SERVICE_UNAVAILABLE'[39m,
    detail: [90mundefined[39m,
    details: [90mundefined[39m,
    errors: [90mundefined[39m,
    timestamp: [32m'2025-10-18T17:54:27.418Z'[39m
  },
  extractedCode: [32m'SERVICE_UNAVAILABLE'[39m
}

[90mstderr[2m | src/lib/api/__tests__/client.retry.test.ts[2m > [22m[2mApiClient - Retry 
Logic[2m > [22m[2mMax Retry Limit[2m > [22m[2mshould include error details after max retries
[22m[39mΓÜá∩╕Å [2025-10-18T17:54:27.419Z] WARN: [API] Retry 3/3 for GET /test after 4000ms { 
error: [32m'HTTP 503'[39m, statusCode: [33m503[39m, attempt: [33m3[39m, delay: 
[33m4000[39m }

[90mstdout[2m | src/lib/api/__tests__/client.retry.test.ts[2m > [22m[2mApiClient - Retry Logic[2m > [22m[2mMax Retry Limit[2m > [22m[2mshould include error details after max retries
[22m[39mΓä╣∩╕Å [2025-10-18T17:54:31.429Z] INFO: [API] GET http://localhost:8001/api/v1/test { body: [90mundefined[39m, headers: { [32m'Content-Type'[39m: [32m'application/json'[39m } }

[90mstdout[2m | src/lib/api/__tests__/client.retry.test.ts[2m > [22m[2mApiClient - Retry Logic[2m > [22m[2mMax Retry Limit[2m > [22m[2mshould include error details after max retries
[22m[39mΓä╣∩╕Å [2025-10-18T17:54:31.430Z] INFO: [API] Response 503  { url: [32m'http://localhost:8001/api/v1/test'[39m, status: [33m503[39m, ok: [33mfalse[39m }

[90mstdout[2m | src/lib/api/__tests__/client.retry.test.ts[2m > [22m[2mApiClient - Retry Logic[2m > [22m[2mMax Retry Limit[2m > [22m[2mshould include error details after max retries
[22m[39mΓä╣∩╕Å [2025-10-18T17:54:31.433Z] INFO: [API] Error normalization {
  errorPayload: { error: [32m'Service Error'[39m, message: [32m'Server overloaded'[39m },
  normalized: {
    status: [33m503[39m,
    message: [32m'HTTP 503'[39m,
    code: [32m'SERVICE_UNAVAILABLE'[39m,
    detail: [90mundefined[39m,
    details: [90mundefined[39m,
    errors: [90mundefined[39m,
    timestamp: [32m'2025-10-18T17:54:31.433Z'[39m
  },
  extractedCode: [32m'SERVICE_UNAVAILABLE'[39m
}

[90mstderr[2m | src/lib/api/__tests__/client.retry.test.ts[2m > [22m[2mApiClient - Retry 
Logic[2m > [22m[2mMax Retry Limit[2m > [22m[2mshould include error details after max retries
[22m[39mΓÜá∩╕Å [2025-10-18T17:54:31.434Z] WARN: [API] Max retries (3) reached for GET /test {
  error: ApiError: HTTP 503
      at ApiClient._executeRequest 
[90m(D:\code\reactjs\user_mn_ui\[39msrc\lib\api\client.ts:528:13[90m)[39m
      at ApiClient.retryWithBackoff 
[90m(D:\code\reactjs\user_mn_ui\[39msrc\lib\api\client.ts:381:14[90m)[39m
      at [90mD:\code\reactjs\user_mn_ui\[39msrc\lib\api\__tests__\client.retry.test.ts:172:9
      at [90mfile:///D:/code/reactjs/user_mn_ui/[39mnode_modules/[4m@vitest[24m/runner/dist/ch
unk-hooks.js:752:20 {
    status: [33m503[39m,
    code: [32m'SERVICE_UNAVAILABLE'[39m,
    details: [90mundefined[39m,
    errors: [90mundefined[39m,
    headers: {},
    retryAfterSeconds: [90mundefined[39m,
    timestamp: [32m'2025-10-18T17:54:31.433Z'[39m,
    requestId: [90mundefined[39m,
    payload: { error: [32m'Service Error'[39m, message: [32m'Server overloaded'[39m }
  }
}

[90mstdout[2m | src/lib/api/__tests__/client.retry.test.ts[2m > [22m[2mApiClient - Retry Logic[2m > [22m[2mNon-Retryable Errors[2m > [22m[2mshould NOT retry on 400 bad request error
[22m[39mΓä╣∩╕Å [2025-10-18T17:54:31.437Z] INFO: [API] GET http://localhost:8001/api/v1/test { body: [90mundefined[39m, headers: { [32m'Content-Type'[39m: [32m'application/json'[39m } }

[90mstdout[2m | src/lib/api/__tests__/client.retry.test.ts[2m > [22m[2mApiClient - Retry Logic[2m > [22m[2mNon-Retryable Errors[2m > [22m[2mshould NOT retry on 400 bad request error
[22m[39mΓä╣∩╕Å [2025-10-18T17:54:31.438Z] INFO: [API] Response 400  { url: [32m'http://localhost:8001/api/v1/test'[39m, status: [33m400[39m, ok: [33mfalse[39m }

[90mstdout[2m | src/lib/api/__tests__/client.retry.test.ts[2m > [22m[2mApiClient - Retry Logic[2m > [22m[2mNon-Retryable Errors[2m > [22m[2mshould NOT retry on 400 bad request error
[22m[39mΓä╣∩╕Å [2025-10-18T17:54:31.439Z] INFO: [API] Error normalization {
  errorPayload: { error: [32m'Bad Request'[39m },
  normalized: {
    status: [33m400[39m,
    message: [32m'HTTP 400'[39m,
    code: [32m'BAD_REQUEST'[39m,
    detail: [90mundefined[39m,
    details: [90mundefined[39m,
    errors: [90mundefined[39m,
    timestamp: [32m'2025-10-18T17:54:31.439Z'[39m
  },
  extractedCode: [32m'BAD_REQUEST'[39m
}

[90mstdout[2m | src/lib/api/__tests__/client.retry.test.ts[2m > [22m[2mApiClient - Retry Logic[2m > [22m[2mNon-Retryable Errors[2m > [22m[2mshould NOT retry on 400 bad request error
[22m[39m≡ƒÉ¢ [2025-10-18T17:54:31.439Z] DEBUG: [API] Non-retryable error for GET /test {
  error: ApiError: HTTP 400
      at ApiClient._executeRequest [90m(D:\code\reactjs\user_mn_ui\[39msrc\lib\api\client.ts:528:13[90m)[39m
      at ApiClient.retryWithBackoff [90m(D:\code\reactjs\user_mn_ui\[39msrc\lib\api\client.ts:381:14[90m)[39m
      at [90mD:\code\reactjs\user_mn_ui\[39msrc\lib\api\__tests__\client.retry.test.ts:193:7
      at [90mfile:///D:/code/reactjs/user_mn_ui/[39mnode_modules/[4m@vitest[24m/runner/dist/chunk-hooks.js:752:20 {
    status: [33m400[39m,
    code: [32m'BAD_REQUEST'[39m,
    details: [90mundefined[39m,
    errors: [90mundefined[39m,
    headers: {},
    retryAfterSeconds: [90mundefined[39m,
    timestamp: [32m'2025-10-18T17:54:31.439Z'[39m,
    requestId: [90mundefined[39m,
    payload: { error: [32m'Bad Request'[39m }
  }
}

[90mstdout[2m | src/lib/api/__tests__/client.retry.test.ts[2m > [22m[2mApiClient - Retry Logic[2m > [22m[2mNon-Retryable Errors[2m > [22m[2mshould NOT retry on 401 unauthorized error
[22m[39mΓä╣∩╕Å [2025-10-18T17:54:31.443Z] INFO: [API] GET http://localhost:8001/api/v1/test { body: [90mundefined[39m, headers: { [32m'Content-Type'[39m: [32m'application/json'[39m } }

[90mstdout[2m | src/lib/api/__tests__/client.retry.test.ts[2m > [22m[2mApiClient - Retry Logic[2m > [22m[2mNon-Retryable Errors[2m > [22m[2mshould NOT retry on 401 unauthorized error
[22m[39mΓä╣∩╕Å [2025-10-18T17:54:31.444Z] INFO: [API] Response 401  { url: [32m'http://localhost:8001/api/v1/test'[39m, status: [33m401[39m, ok: [33mfalse[39m }

[90mstdout[2m | src/lib/api/__tests__/client.retry.test.ts[2m > [22m[2mApiClient - Retry Logic[2m > [22m[2mNon-Retryable Errors[2m > [22m[2mshould NOT retry on 401 unauthorized error
[22m[39mΓä╣∩╕Å [2025-10-18T17:54:31.445Z] INFO: [API] Error normalization {
  errorPayload: { error: [32m'Unauthorized'[39m },
  normalized: {
    status: [33m401[39m,
    message: [32m'HTTP 401'[39m,
    code: [32m'UNAUTHORIZED'[39m,
    detail: [90mundefined[39m,
    details: [90mundefined[39m,
    errors: [90mundefined[39m,
    timestamp: [32m'2025-10-18T17:54:31.445Z'[39m
  },
  extractedCode: [32m'UNAUTHORIZED'[39m
}

[90mstdout[2m | src/lib/api/__tests__/client.retry.test.ts[2m > [22m[2mApiClient - Retry Logic[2m > [22m[2mNon-Retryable Errors[2m > [22m[2mshould NOT retry on 401 unauthorized error
[22m[39m≡ƒÉ¢ [2025-10-18T17:54:31.446Z] DEBUG: [API] Non-retryable error for GET /test {
  error: ApiError: HTTP 401
      at ApiClient._executeRequest [90m(D:\code\reactjs\user_mn_ui\[39msrc\lib\api\client.ts:528:13[90m)[39m
      at ApiClient.retryWithBackoff [90m(D:\code\reactjs\user_mn_ui\[39msrc\lib\api\client.ts:381:14[90m)[39m
      at [90mD:\code\reactjs\user_mn_ui\[39msrc\lib\api\__tests__\client.retry.test.ts:209:7
      at [90mfile:///D:/code/reactjs/user_mn_ui/[39mnode_modules/[4m@vitest[24m/runner/dist/chunk-hooks.js:752:20 {
    status: [33m401[39m,
    code: [32m'UNAUTHORIZED'[39m,
    details: [90mundefined[39m,
    errors: [90mundefined[39m,
    headers: {},
    retryAfterSeconds: [90mundefined[39m,
    timestamp: [32m'2025-10-18T17:54:31.446Z'[39m,
    requestId: [90mundefined[39m,
    payload: { error: [32m'Unauthorized'[39m }
  }
}

[90mstdout[2m | src/lib/api/__tests__/client.retry.test.ts[2m > [22m[2mApiClient - Retry Logic[2m > [22m[2mNon-Retryable Errors[2m > [22m[2mshould NOT retry on 403 forbidden error
[22m[39mΓä╣∩╕Å [2025-10-18T17:54:31.449Z] INFO: [API] GET http://localhost:8001/api/v1/test { body: [90mundefined[39m, headers: { [32m'Content-Type'[39m: [32m'application/json'[39m } }

[90mstdout[2m | src/lib/api/__tests__/client.retry.test.ts[2m > [22m[2mApiClient - Retry Logic[2m > [22m[2mNon-Retryable Errors[2m > [22m[2mshould NOT retry on 403 forbidden error
[22m[39mΓä╣∩╕Å [2025-10-18T17:54:31.450Z] INFO: [API] Response 403  { url: [32m'http://localhost:8001/api/v1/test'[39m, status: [33m403[39m, ok: [33mfalse[39m }

[90mstdout[2m | src/lib/api/__tests__/client.retry.test.ts[2m > [22m[2mApiClient - Retry Logic[2m > [22m[2mNon-Retryable Errors[2m > [22m[2mshould NOT retry on 403 forbidden error
[22m[39mΓä╣∩╕Å [2025-10-18T17:54:31.450Z] INFO: [API] Error normalization {
  errorPayload: { error: [32m'Forbidden'[39m },
  normalized: {
    status: [33m403[39m,
    message: [32m'HTTP 403'[39m,
    code: [32m'FORBIDDEN'[39m,
    detail: [90mundefined[39m,
    details: [90mundefined[39m,
    errors: [90mundefined[39m,
    timestamp: [32m'2025-10-18T17:54:31.450Z'[39m
  },
  extractedCode: [32m'FORBIDDEN'[39m
}

[90mstdout[2m | src/lib/api/__tests__/client.retry.test.ts[2m > [22m[2mApiClient - Retry Logic[2m > [22m[2mNon-Retryable Errors[2m > [22m[2mshould NOT retry on 403 forbidden error
[22m[39m≡ƒÉ¢ [2025-10-18T17:54:31.451Z] DEBUG: [API] Non-retryable error for GET /test {
  error: ApiError: HTTP 403
      at ApiClient._executeRequest [90m(D:\code\reactjs\user_mn_ui\[39msrc\lib\api\client.ts:528:13[90m)[39m
      at ApiClient.retryWithBackoff [90m(D:\code\reactjs\user_mn_ui\[39msrc\lib\api\client.ts:381:14[90m)[39m
      at [90mD:\code\reactjs\user_mn_ui\[39msrc\lib\api\__tests__\client.retry.test.ts:224:7
      at [90mfile:///D:/code/reactjs/user_mn_ui/[39mnode_modules/[4m@vitest[24m/runner/dist/chunk-hooks.js:752:20 {
    status: [33m403[39m,
    code: [32m'FORBIDDEN'[39m,
    details: [90mundefined[39m,
    errors: [90mundefined[39m,
    headers: {},
    retryAfterSeconds: [90mundefined[39m,
    timestamp: [32m'2025-10-18T17:54:31.451Z'[39m,
    requestId: [90mundefined[39m,
    payload: { error: [32m'Forbidden'[39m }
  }
}

[90mstdout[2m | src/lib/api/__tests__/client.retry.test.ts[2m > [22m[2mApiClient - Retry Logic[2m > [22m[2mNon-Retryable Errors[2m > [22m[2mshould NOT retry on 404 not found error
[22m[39mΓä╣∩╕Å [2025-10-18T17:54:31.452Z] INFO: [API] GET http://localhost:8001/api/v1/test { body: [90mundefined[39m, headers: { [32m'Content-Type'[39m: [32m'application/json'[39m } }

[90mstdout[2m | src/lib/api/__tests__/client.retry.test.ts[2m > [22m[2mApiClient - Retry Logic[2m > [22m[2mNon-Retryable Errors[2m > [22m[2mshould NOT retry on 404 not found error
[22m[39mΓä╣∩╕Å [2025-10-18T17:54:31.452Z] INFO: [API] Response 404  { url: [32m'http://localhost:8001/api/v1/test'[39m, status: [33m404[39m, ok: [33mfalse[39m }

[90mstdout[2m | src/lib/api/__tests__/client.retry.test.ts[2m > [22m[2mApiClient - Retry Logic[2m > [22m[2mNon-Retryable Errors[2m > [22m[2mshould NOT retry on 404 not found error
[22m[39mΓä╣∩╕Å [2025-10-18T17:54:31.452Z] INFO: [API] Error normalization {
  errorPayload: { error: [32m'Not Found'[39m },
  normalized: {
    status: [33m404[39m,
    message: [32m'HTTP 404'[39m,
    code: [32m'NOT_FOUND'[39m,
    detail: [90mundefined[39m,
    details: [90mundefined[39m,
    errors: [90mundefined[39m,
    timestamp: [32m'2025-10-18T17:54:31.452Z'[39m
  },
  extractedCode: [32m'NOT_FOUND'[39m
}

[90mstdout[2m | src/lib/api/__tests__/client.retry.test.ts[2m > [22m[2mApiClient - Retry Logic[2m > [22m[2mNon-Retryable Errors[2m > [22m[2mshould NOT retry on 404 not found error
[22m[39m≡ƒÉ¢ [2025-10-18T17:54:31.453Z] DEBUG: [API] Non-retryable error for GET /test {
  error: ApiError: HTTP 404
      at ApiClient._executeRequest [90m(D:\code\reactjs\user_mn_ui\[39msrc\lib\api\client.ts:528:13[90m)[39m
      at ApiClient.retryWithBackoff [90m(D:\code\reactjs\user_mn_ui\[39msrc\lib\api\client.ts:381:14[90m)[39m
      at [90mD:\code\reactjs\user_mn_ui\[39msrc\lib\api\__tests__\client.retry.test.ts:239:7
      at [90mfile:///D:/code/reactjs/user_mn_ui/[39mnode_modules/[4m@vitest[24m/runner/dist/chunk-hooks.js:752:20 {
    status: [33m404[39m,
    code: [32m'NOT_FOUND'[39m,
    details: [90mundefined[39m,
    errors: [90mundefined[39m,
    headers: {},
    retryAfterSeconds: [90mundefined[39m,
    timestamp: [32m'2025-10-18T17:54:31.453Z'[39m,
    requestId: [90mundefined[39m,
    payload: { error: [32m'Not Found'[39m }
  }
}

[90mstdout[2m | src/lib/api/__tests__/client.retry.test.ts[2m > [22m[2mApiClient - Retry Logic[2m > [22m[2mNon-Retryable Errors[2m > [22m[2mshould NOT retry on 422 validation error
[22m[39mΓä╣∩╕Å [2025-10-18T17:54:31.454Z] INFO: [API] GET http://localhost:8001/api/v1/test { body: [90mundefined[39m, headers: { [32m'Content-Type'[39m: [32m'application/json'[39m } }

[90mstdout[2m | src/lib/api/__tests__/client.retry.test.ts[2m > [22m[2mApiClient - Retry Logic[2m > [22m[2mNon-Retryable Errors[2m > [22m[2mshould NOT retry on 422 validation error
[22m[39mΓä╣∩╕Å [2025-10-18T17:54:31.454Z] INFO: [API] Response 422  { url: [32m'http://localhost:8001/api/v1/test'[39m, status: [33m422[39m, ok: [33mfalse[39m }

[90mstdout[2m | src/lib/api/__tests__/client.retry.test.ts[2m > [22m[2mApiClient - Retry Logic[2m > [22m[2mNon-Retryable Errors[2m > [22m[2mshould NOT retry on 422 validation error
[22m[39mΓä╣∩╕Å [2025-10-18T17:54:31.454Z] INFO: [API] Error normalization {
  errorPayload: { error: [32m'Validation Error'[39m },
  normalized: {
    status: [33m422[39m,
    message: [32m'HTTP 422'[39m,
    code: [32m'VALIDATION_ERROR'[39m,
    detail: [90mundefined[39m,
    details: [90mundefined[39m,
    errors: [90mundefined[39m,
    timestamp: [32m'2025-10-18T17:54:31.454Z'[39m
  },
  extractedCode: [32m'VALIDATION_ERROR'[39m
}

[90mstdout[2m | src/lib/api/__tests__/client.retry.test.ts[2m > [22m[2mApiClient - Retry Logic[2m > [22m[2mNon-Retryable Errors[2m > [22m[2mshould NOT retry on 422 validation error
[22m[39m≡ƒÉ¢ [2025-10-18T17:54:31.454Z] DEBUG: [API] Non-retryable error for GET /test {
  error: ApiError: HTTP 422
      at ApiClient._executeRequest [90m(D:\code\reactjs\user_mn_ui\[39msrc\lib\api\client.ts:528:13[90m)[39m
      at ApiClient.retryWithBackoff [90m(D:\code\reactjs\user_mn_ui\[39msrc\lib\api\client.ts:381:14[90m)[39m
      at [90mD:\code\reactjs\user_mn_ui\[39msrc\lib\api\__tests__\client.retry.test.ts:254:7
      at [90mfile:///D:/code/reactjs/user_mn_ui/[39mnode_modules/[4m@vitest[24m/runner/dist/chunk-hooks.js:752:20 {
    status: [33m422[39m,
    code: [32m'VALIDATION_ERROR'[39m,
    details: [90mundefined[39m,
    errors: [90mundefined[39m,
    headers: {},
    retryAfterSeconds: [90mundefined[39m,
    timestamp: [32m'2025-10-18T17:54:31.454Z'[39m,
    requestId: [90mundefined[39m,
    payload: { error: [32m'Validation Error'[39m }
  }
}

[90mstdout[2m | src/lib/api/__tests__/client.retry.test.ts[2m > [22m[2mApiClient - Retry Logic[2m > [22m[2mDelay Calculation[2m > [22m[2mshould use exponential backoff delays: 1s, 2s, 4s
[22m[39mΓä╣∩╕Å [2025-10-18T17:54:31.457Z] INFO: [API] GET http://localhost:8001/api/v1/test { body: [90mundefined[39m, headers: { [32m'Content-Type'[39m: [32m'application/json'[39m } }

[90mstdout[2m | src/lib/api/__tests__/client.retry.test.ts[2m > [22m[2mApiClient - Retry Logic[2m > [22m[2mDelay Calculation[2m > [22m[2mshould use exponential backoff delays: 1s, 2s, 4s
[22m[39mΓä╣∩╕Å [2025-10-18T17:54:31.457Z] INFO: [API] Response 500  { url: [32m'http://localhost:8001/api/v1/test'[39m, status: [33m500[39m, ok: [33mfalse[39m }

[90mstdout[2m | src/lib/api/__tests__/client.retry.test.ts[2m > [22m[2mApiClient - Retry Logic[2m > [22m[2mDelay Calculation[2m > [22m[2mshould use exponential backoff delays: 1s, 2s, 4s
[22m[39mΓä╣∩╕Å [2025-10-18T17:54:31.457Z] INFO: [API] Error normalization {
  errorPayload: { error: [32m'Server Error'[39m },
  normalized: {
    status: [33m500[39m,
    message: [32m'HTTP 500'[39m,
    code: [32m'INTERNAL_SERVER_ERROR'[39m,
    detail: [90mundefined[39m,
    details: [90mundefined[39m,
    errors: [90mundefined[39m,
    timestamp: [32m'2025-10-18T17:54:31.457Z'[39m
  },
  extractedCode: [32m'INTERNAL_SERVER_ERROR'[39m
}

[90mstderr[2m | src/lib/api/__tests__/client.retry.test.ts[2m > [22m[2mApiClient - Retry 
Logic[2m > [22m[2mDelay Calculation[2m > [22m[2mshould use exponential backoff delays: 1s, 
2s, 4s
[22m[39mΓÜá∩╕Å [2025-10-18T17:54:31.457Z] WARN: [API] Retry 1/3 for GET /test after 1000ms { 
error: [32m'HTTP 500'[39m, statusCode: [33m500[39m, attempt: [33m1[39m, delay: 
[33m1000[39m }

[90mstdout[2m | src/lib/api/__tests__/client.retry.test.ts[2m > [22m[2mApiClient - Retry Logic[2m > [22m[2mDelay Calculation[2m > [22m[2mshould use exponential backoff delays: 1s, 2s, 4s
[22m[39mΓä╣∩╕Å [2025-10-18T17:54:32.457Z] INFO: [API] GET http://localhost:8001/api/v1/test { body: [90mundefined[39m, headers: { [32m'Content-Type'[39m: [32m'application/json'[39m } }

[90mstdout[2m | src/lib/api/__tests__/client.retry.test.ts[2m > [22m[2mApiClient - Retry Logic[2m > [22m[2mDelay Calculation[2m > [22m[2mshould use exponential backoff delays: 1s, 2s, 4s
[22m[39mΓä╣∩╕Å [2025-10-18T17:54:32.457Z] INFO: [API] Response 500  { url: [32m'http://localhost:8001/api/v1/test'[39m, status: [33m500[39m, ok: [33mfalse[39m }

[90mstdout[2m | src/lib/api/__tests__/client.retry.test.ts[2m > [22m[2mApiClient - Retry Logic[2m > [22m[2mDelay Calculation[2m > [22m[2mshould use exponential backoff delays: 1s, 2s, 4s
[22m[39mΓä╣∩╕Å [2025-10-18T17:54:32.457Z] INFO: [API] Error normalization {
  errorPayload: { error: [32m'Server Error'[39m },
  normalized: {
    status: [33m500[39m,
    message: [32m'HTTP 500'[39m,
    code: [32m'INTERNAL_SERVER_ERROR'[39m,
    detail: [90mundefined[39m,
    details: [90mundefined[39m,
    errors: [90mundefined[39m,
    timestamp: [32m'2025-10-18T17:54:32.457Z'[39m
  },
  extractedCode: [32m'INTERNAL_SERVER_ERROR'[39m
[90mstderr[2m | src/lib/api/__tests__/client.retry.test.ts[2m > [22m[2mApiClient - Retry 
Logic[2m > [22m[2mDelay Calculation[2m > [22m[2mshould use exponential backoff delays: 1s, 
2s, 4s
[22m[39mΓÜá∩╕Å [2025-10-18T17:54:32.457Z] WARN: [API] Retry 2/3 for GET /test after 2000ms { 
error: [32m'HTTP 500'[39m, statusCode: [33m500[39m, attempt: [33m2[39m, delay: 
[33m2000[39m }
}


[90mstdout[2m | src/lib/api/__tests__/client.retry.test.ts[2m > [22m[2mApiClient - Retry Logic[2m > [22m[2mDelay Calculation[2m > [22m[2mshould use exponential backoff delays: 1s, 2s, 4s
[22m[39mΓä╣∩╕Å [2025-10-18T17:54:34.457Z] INFO: [API] GET http://localhost:8001/api/v1/test { body: [90mundefined[39m, headers: { [32m'Content-Type'[39m: [32m'application/json'[39m } }

[90mstdout[2m | src/lib/api/__tests__/client.retry.test.ts[2m > [22m[2mApiClient - Retry Logic[2m > [22m[2mDelay Calculation[2m > [22m[2mshould use exponential backoff delays: 1s, 2s, 4s
[22m[39mΓä╣∩╕Å [2025-10-18T17:54:34.457Z] INFO: [API] Response 500  { url: [32m'http://localhost:8001/api/v1/test'[39m, status: [33m500[39m, ok: [33mfalse[39m }

[90mstdout[2m | src/lib/api/__tests__/client.retry.test.ts[2m > [22m[2mApiClient - Retry Logic[2m > [22m[2mDelay Calculation[2m > [22m[2mshould use exponential backoff delays: 1s, 2s, 4s
[22m[39mΓä╣∩╕Å [2025-10-18T17:54:34.457Z] INFO: [API] Error normalization {
  errorPayload: { error: [32m'Server Error'[39m },
  normalized: {
    status: [33m500[39m,
    message: [32m'HTTP 500'[39m,
    code: [32m'INTERNAL_SERVER_ERROR'[39m,
    detail: [90mundefined[39m,
    details: [90mundefined[39m,
    errors: [90mundefined[39m,
    timestamp: [32m'2025-10-18T17:54:34.457Z'[39m
  },
  extractedCode: [32m'INTERNAL_SERVER_ERROR'[39m
}

[90mstderr[2m | src/lib/api/__tests__/client.retry.test.ts[2m > [22m[2mApiClient - Retry 
Logic[2m > [22m[2mDelay Calculation[2m > [22m[2mshould use exponential backoff delays: 1s, 
2s, 4s
[22m[39mΓÜá∩╕Å [2025-10-18T17:54:34.457Z] WARN: [API] Retry 3/3 for GET /test after 4000ms { 
error: [32m'HTTP 500'[39m, statusCode: [33m500[39m, attempt: [33m3[39m, delay: 
[33m4000[39m }

[90mstdout[2m | src/lib/api/__tests__/client.retry.test.ts[2m > [22m[2mApiClient - Retry Logic[2m > [22m[2mDelay Calculation[2m > [22m[2mshould use exponential backoff delays: 1s, 2s, 4s
[22m[39mΓä╣∩╕Å [2025-10-18T17:54:38.457Z] INFO: [API] GET http://localhost:8001/api/v1/test { body: [90mundefined[39m, headers: { [32m'Content-Type'[39m: [32m'application/json'[39m } }

[90mstdout[2m | src/lib/api/__tests__/client.retry.test.ts[2m > [22m[2mApiClient - Retry Logic[2m > [22m[2mDelay Calculation[2m > [22m[2mshould use exponential backoff delays: 1s, 2s, 4s
[22m[39mΓä╣∩╕Å [2025-10-18T17:54:38.457Z] INFO: [API] Response 200  { url: [32m'http://localhost:8001/api/v1/test'[39m, status: [33m200[39m, ok: [33mtrue[39m }

[90mstdout[2m | src/lib/api/__tests__/client.retry.test.ts[2m > [22m[2mApiClient - Retry Logic[2m > [22m[2mRequest Deduplication with Retry[2m > [22m[2mshould not duplicate retry logic for deduplicated requests
[22m[39mΓä╣∩╕Å [2025-10-18T17:54:31.470Z] INFO: [API] GET http://localhost:8001/api/v1/test { body: [90mundefined[39m, headers: { [32m'Content-Type'[39m: [32m'application/json'[39m } }
≡ƒÉ¢ [2025-10-18T17:54:31.470Z] DEBUG: [API] Deduplicating request: GET:/test 
Γä╣∩╕Å [2025-10-18T17:54:31.470Z] INFO: [API] Response 500  { url: [32m'http://localhost:8001/api/v1/test'[39m, status: [33m500[39m, ok: [33mfalse[39m }

[90mstdout[2m | src/lib/api/__tests__/client.retry.test.ts[2m > [22m[2mApiClient - Retry Logic[2m > [22m[2mRequest Deduplication with Retry[2m > [22m[2mshould not duplicate retry logic for deduplicated requests
[22m[39mΓä╣∩╕Å [2025-10-18T17:54:31.471Z] INFO: [API] Error normalization {
  errorPayload: { error: [32m'Server Error'[39m },
  normalized: {
    status: [33m500[39m,
    message: [32m'HTTP 500'[39m,
    code: [32m'INTERNAL_SERVER_ERROR'[39m,
    detail: [90mundefined[39m,
    details: [90mundefined[39m,
    errors: [90mundefined[39m,
    timestamp: [32m'2025-10-18T17:54:31.470Z'[39m
  },
  extractedCode: [32m'INTERNAL_SERVER_ERROR'[39m
}
[90mstderr[2m | src/lib/api/__tests__/client.retry.test.ts[2m > [22m[2mApiClient - Retry 
Logic[2m > [22m[2mRequest Deduplication with Retry[2m > [22m[2mshould not duplicate retry 
logic for deduplicated requests
[22m[39mΓÜá∩╕Å [2025-10-18T17:54:31.471Z] WARN: [API] Retry 1/3 for GET /test after 1000ms { 
error: [32m'HTTP 500'[39m, statusCode: [33m500[39m, attempt: [33m1[39m, delay: 
[33m1000[39m }


 [32mΓ£ô[39m src/lib/api/__tests__/client.retry.test.ts[2m > [22mApiClient - Retry Logic[2m > [22mMax Retry Limit[2m > [22mshould include error details after max retries[33m 7041[2mms[22m[39m
 [32mΓ£ô[39m src/lib/api/__tests__/client.retry.test.ts[2m > [22mApiClient - Retry Logic[2m > [22mNon-Retryable Errors[2m > [22mshould NOT retry on 400 bad request error[32m 5[2mms[22m[39m
 [32mΓ£ô[39m src/lib/api/__tests__/client.retry.test.ts[2m > [22mApiClient - Retry Logic[2m > [22mNon-Retryable Errors[2m > [22mshould NOT retry on 401 unauthorized error[32m 8[2mms[22m[39m
 [32mΓ£ô[39m src/lib/api/__tests__/client.retry.test.ts[2m > [22mApiClient - Retry Logic[2m > [22mNon-Retryable Errors[2m > [22mshould NOT retry on 403 forbidden error[32m 2[2mms[22m[39m
 [32mΓ£ô[39m src/lib/api/__tests__/client.retry.test.ts[2m > [22mApiClient - Retry Logic[2m > [22mNon-Retryable Errors[2m > [22mshould NOT retry on 404 not found error[32m 2[2mms[22m[39m
 [32mΓ£ô[39m src/lib/api/__tests__/client.retry.test.ts[2m > [22mApiClient - Retry Logic[2m > [22mNon-Retryable Errors[2m > [22mshould NOT retry on 422 validation error[32m 2[2mms[22m[39m
 [32mΓ£ô[39m src/lib/api/__tests__/client.retry.test.ts[2m > [22mApiClient - Retry Logic[2m > [22mDelay Calculation[2m > [22mshould use exponential backoff delays: 1s, 2s, 4s[32m 14[2mms[22m[39m
[90mstdout[2m | src/lib/api/__tests__/client.retry.test.ts[2m > [22m[2mApiClient - Retry Logic[2m > [22m[2mRequest Deduplication with Retry[2m > [22m[2mshould not duplicate retry logic for deduplicated requests
[22m[39mΓä╣∩╕Å [2025-10-18T17:54:32.477Z] INFO: [API] GET http://localhost:8001/api/v1/test { body: [90mundefined[39m, headers: { [32m'Content-Type'[39m: [32m'application/json'[39m } }

[90mstdout[2m | src/lib/api/__tests__/client.retry.test.ts[2m > [22m[2mApiClient - Retry Logic[2m > [22m[2mRequest Deduplication with Retry[2m > [22m[2mshould not duplicate retry logic for deduplicated requests
[22m[39mΓä╣∩╕Å [2025-10-18T17:54:32.478Z] INFO: [API] Response 200  { url: [32m'http://localhost:8001/api/v1/test'[39m, status: [33m200[39m, ok: [33mtrue[39m }

[90mstdout[2m | src/lib/api/__tests__/client.retry.test.ts[2m > [22m[2mApiClient - Retry Logic[2m > [22m[2mSuccessful Immediate Response[2m > [22m[2mshould not retry when request succeeds on first attempt
[22m[39mΓä╣∩╕Å [2025-10-18T17:54:32.479Z] INFO: [API] GET http://localhost:8001/api/v1/test { body: [90mundefined[39m, headers: { [32m'Content-Type'[39m: [32m'application/json'[39m } }

[90mstdout[2m | src/lib/api/__tests__/client.retry.test.ts[2m > [22m[2mApiClient - Retry Logic[2m > [22m[2mSuccessful Immediate Response[2m > [22m[2mshould not retry when request succeeds on first attempt
[22m[39mΓä╣∩╕Å [2025-10-18T17:54:32.480Z] INFO: [API] Response 200  { url: [32m'http://localhost:8001/api/v1/test'[39m, status: [33m200[39m, ok: [33mtrue[39m }

 [32mΓ£ô[39m src/lib/api/__tests__/client.retry.test.ts[2m > [22mApiClient - Retry Logic[2m > [22mRequest Deduplication with Retry[2m > [22mshould not duplicate retry logic for deduplicated requests[33m 1010[2mms[22m[39m
 [32mΓ£ô[39m src/lib/api/__tests__/client.retry.test.ts[2m > [22mApiClient - Retry Logic[2m > [22mSuccessful Immediate Response[2m > [22mshould not retry when request succeeds on first attempt[32m 2[2mms[22m[39m
[90mstdout[2m | src/domains/auth/__tests__/auth.integration.test.tsx
[22m[39mΓä╣∩╕Å [2025-10-18T17:54:35.118Z] INFO: Enhanced Logger initialized { environment: [32m'test'[39m }

[90mstdout[2m | src/domains/auth/__tests__/auth.integration.test.tsx
[22m[39mΓä╣∩╕Å [2025-10-18T17:54:35.173Z] INFO: ≡ƒöº API Configuration Debug: 
Γä╣∩╕Å [2025-10-18T17:54:35.174Z] INFO: Current Environment { env: [32m'DIRECT'[39m }
Γä╣∩╕Å [2025-10-18T17:54:35.174Z] INFO: API Base URL { url: [32m'http://127.0.0.1:8001/api/v1'[39m }
Γä╣∩╕Å [2025-10-18T17:54:35.175Z] INFO: Health Check URL { url: [32m'http://127.0.0.1:8001/api/v1/health'[39m }
Γä╣∩╕Å [2025-10-18T17:54:35.175Z] INFO: Full Config {
  config: {
    PROTOCOL: [32m'http'[39m,
    HOST: [32m'127.0.0.1'[39m,
    PORT: [33m8001[39m,
    API_PREFIX: [32m'/api/v1'[39m
  }
}

[90mstdout[2m | src/domains/auth/__tests__/auth.integration.test.tsx
[22m[39mΓä╣∩╕Å [2025-10-18T17:54:35.192Z] INFO: [Error Logger] Debug interface available at window.errorLogger 

 [2m[90mΓåô[39m[22m src/domains/auth/__tests__/auth.integration.test.tsx[2m > [22mLogin Integration[2m > [22mshould complete full login flow with API
 [2m[90mΓåô[39m[22m src/domains/auth/__tests__/auth.integration.test.tsx[2m > [22mLogin Integration[2m > [22mshould handle API error responses
 [2m[90mΓåô[39m[22m src/domains/auth/__tests__/auth.integration.test.tsx[2m > [22mLogin Integration[2m > [22mshould handle network errors gracefully
 [2m[90mΓåô[39m[22m src/domains/auth/__tests__/auth.integration.test.tsx[2m > [22mLogin Integration[2m > [22mshould validate input before API call
 [2m[90mΓåô[39m[22m src/domains/auth/__tests__/auth.integration.test.tsx[2m > [22mLogin Integration[2m > [22mshould show loading state during API call
 [2m[90mΓåô[39m[22m src/domains/auth/__tests__/auth.integration.test.tsx[2m > [22mLogin Integration[2m > [22mshould handle rate limiting errors
 [2m[90mΓåô[39m[22m src/domains/auth/__tests__/auth.integration.test.tsx[2m > [22mLogout Integration[2m > [22mshould call logout API and clear local state
 [2m[90mΓåô[39m[22m src/domains/auth/__tests__/auth.integration.test.tsx[2m > [22mToken Refresh Integration[2m > [22mshould automatically refresh expired token

[2m Test Files [22m [1m[32m12 passed[39m[22m[2m | [22m[33m1 skipped[39m[90m (13)[39m
[2m      Tests [22m [1m[32m344 passed[39m[22m[2m | [22m[33m13 skipped[39m[90m (357)[39m
[2m   Start at [22m 23:24:06
[2m   Duration [22m 28.61s[2m (transform 1.11s, setup 7.61s, collect 3.02s, tests 26.39s, environment 21.11s, prepare 3.01s)[22m

[1m[7m[35m HTML [39m[27m[22m [35mReport is generated[39m
[2m       You can run [22m[1mnpx vite preview --outDir coverage[22m[2m to see the test results.[22m
